Archive member included to satisfy reference by file (symbol)

../../../../../../../../components/802_15_4/raw/802_15_4_lib_gcc.a(hal_nrf52_soc_atomic.o)
                              _build/nrf52840_xxaa/fsm.c.o (hal_atomic_start)
../../../../../../../../components/802_15_4/raw/802_15_4_lib_gcc.a(hal_nrf52_soc_uart.o)
                              _build/nrf52840_xxaa/uart.c.o (hal_uart_open)
../../../../../../../../components/802_15_4/raw/802_15_4_lib_gcc.a(nrf_drv_uart.o)
                              ../../../../../../../../components/802_15_4/raw/802_15_4_lib_gcc.a(hal_nrf52_soc_uart.o) (ll_nrf_drv_uart_init)
../../../../../../../../components/802_15_4/raw/802_15_4_lib_gcc.a(ral_irq_handlers.o)
                              _build/nrf52840_xxaa/main.c.o (ral_irq_handler_import)
../../../../../../../../components/802_15_4/raw/802_15_4_lib_gcc.a(mac_mcps_data.o)
                              _build/nrf52840_xxaa/fsm.c.o (mcps_data_req)
../../../../../../../../components/802_15_4/raw/802_15_4_lib_gcc.a(mac_memory.o)
                              ../../../../../../../../components/802_15_4/raw/802_15_4_lib_gcc.a(ral_irq_handlers.o) (g_mac_mem)
../../../../../../../../components/802_15_4/raw/802_15_4_lib_gcc.a(mac_mlme_pib.o)
                              _build/nrf52840_xxaa/fsm.c.o (mlme_set_req)
../../../../../../../../components/802_15_4/raw/802_15_4_lib_gcc.a(mac_mlme_pib_base.o)
                              ../../../../../../../../components/802_15_4/raw/802_15_4_lib_gcc.a(mac_mlme_pib.o) (mac_default_attributes)
../../../../../../../../components/802_15_4/raw/802_15_4_lib_gcc.a(mac_task_scheduler.o)
                              ../../../../../../../../components/802_15_4/raw/802_15_4_lib_gcc.a(mac_mcps_data.o) (mac_internal_task_post)
../../../../../../../../components/802_15_4/raw/802_15_4_lib_gcc.a(phy_memory.o)
                              ../../../../../../../../components/802_15_4/raw/802_15_4_lib_gcc.a(ral_irq_handlers.o) (g_phy_mem)
../../../../../../../../components/802_15_4/raw/802_15_4_lib_gcc.a(phy_plme_pib.o)
                              ../../../../../../../../components/802_15_4/raw/802_15_4_lib_gcc.a(mac_mlme_pib.o) (plme_get_req)
../../../../../../../../components/802_15_4/raw/802_15_4_lib_gcc.a(phy_plme_trx.o)
                              ../../../../../../../../components/802_15_4/raw/802_15_4_lib_gcc.a(mac_mlme_pib.o) (plme_set_trx_state)
../../../../../../../../components/802_15_4/raw/802_15_4_lib_gcc.a(phy_task_scheduler.o)
                              ../../../../../../../../components/802_15_4/raw/802_15_4_lib_gcc.a(ral_irq_handlers.o) (phy_task_post)
../../../../../../../../components/802_15_4/raw/802_15_4_lib_gcc.a(hal_task_scheduler.o)
                              ../../../../../../../../components/802_15_4/raw/802_15_4_lib_gcc.a(hal_nrf52_soc_uart.o) (g_hal_tasks)
../../../../../../../../components/802_15_4/raw/802_15_4_lib_gcc.a(hal_timer.o)
                              ../../../../../../../../components/802_15_4/raw/802_15_4_lib_gcc.a(hal_task_scheduler.o) (hal_timer_task_handler)
../../../../../../../../components/802_15_4/raw/802_15_4_lib_gcc.a(hal_uart_task_scheduler.o)
                              ../../../../../../../../components/802_15_4/raw/802_15_4_lib_gcc.a(hal_task_scheduler.o) (hal_uart_task_handler)
../../../../../../../../components/802_15_4/raw/802_15_4_lib_gcc.a(sys_events.o)
                              _build/nrf52840_xxaa/main.c.o (sys_event_subscribe)
../../../../../../../../components/802_15_4/raw/802_15_4_lib_gcc.a(sys_fsm.o)
                              _build/nrf52840_xxaa/fsm.c.o (sys_fsm_init)
../../../../../../../../components/802_15_4/raw/802_15_4_lib_gcc.a(sys_init.o)
                              _build/nrf52840_xxaa/main.c.o (sys_init)
../../../../../../../../components/802_15_4/raw/802_15_4_lib_gcc.a(sys_memory_manager.o)
                              ../../../../../../../../components/802_15_4/raw/802_15_4_lib_gcc.a(sys_init.o) (sys_mm_init)
../../../../../../../../components/802_15_4/raw/802_15_4_lib_gcc.a(sys_queue.o)
                              ../../../../../../../../components/802_15_4/raw/802_15_4_lib_gcc.a(mac_task_scheduler.o) (sys_queue_init)
../../../../../../../../components/802_15_4/raw/802_15_4_lib_gcc.a(sys_ringbuffer.o)
                              ../../../../../../../../components/802_15_4/raw/802_15_4_lib_gcc.a(hal_nrf52_soc_uart.o) (sys_ringbuffer_init)
../../../../../../../../components/802_15_4/raw/802_15_4_lib_gcc.a(sys_slab_allocator.o)
                              ../../../../../../../../components/802_15_4/raw/802_15_4_lib_gcc.a(ral_irq_handlers.o) (sys_sa_buffer_put)
../../../../../../../../components/802_15_4/raw/802_15_4_lib_gcc.a(sys_task_scheduler.o)
                              _build/nrf52840_xxaa/main.c.o (sys_task_run)
../../../../../../../../components/802_15_4/raw/802_15_4_lib_gcc.a(sys_time.o)
[...]
Memory Configuration

Name             Origin             Length             Attributes
FLASH            0x0000000000000000 0x0000000000100000 xr
RAM              0x0000000020000000 0x0000000000040000 xrw
*default*        0x0000000000000000 0xffffffffffffffff

Linker script and memory map


.text           0x0000000000000000    0x10454
 *(.isr_vector)
 .isr_vector    0x0000000000000000      0x200 _build/nrf52840_xxaa/gcc_startup_nrf52840.S.o
                0x0000000000000000                __isr_vector
 *(.text*)
 .text          0x0000000000000200       0x40 /usr/local/Caskroom/gcc-arm-embedded/7-2018-q2-update/gcc-arm-none-eabi-7-2018-q2-update/bin/../lib/gcc/arm-none-eabi/7.3.1/thumb/v7e-m/fpv4-sp/hard/crtbegin.o
 .text          0x0000000000000240       0x74 /usr/local/Caskroom/gcc-arm-embedded/7-2018-q2-update/gcc-arm-none-eabi-7-2018-q2-update/bin/../lib/gcc/arm-none-eabi/7.3.1/../../../../arm-none-eabi/lib/thumb/v7e-m/fpv4-sp/hard/crt0.o
                0x0000000000000240                _mainCRTStartup
                0x0000000000000240                _start
 .text          0x00000000000002b4       0x3c _build/nrf52840_xxaa/gcc_startup_nrf52840.S.o
                0x00000000000002b4                Reset_Handler
                0x00000000000002dc                NMI_Handler
                0x00000000000002de                HardFault_Handler
                0x00000000000002e0                MemoryManagement_Handler
                0x00000000000002e2                BusFault_Handler
                0x00000000000002e4                UsageFault_Handler
                0x00000000000002e6                SVC_Handler
                0x00000000000002e8                DebugMon_Handler
                0x00000000000002ea                PendSV_Handler
                0x00000000000002ec                SysTick_Handler
                0x00000000000002ee                PWM3_IRQHandler
                0x00000000000002ee                FPU_IRQHandler
                0x00000000000002ee                USBD_IRQHandler
                0x00000000000002ee                SPIM0_SPIS0_TWIM0_TWIS0_SPI0_TWI0_IRQHandler
                0x00000000000002ee                TIMER4_IRQHandler
                0x00000000000002ee                CRYPTOCELL_IRQHandler
                0x00000000000002ee                I2S_IRQHandler
                0x00000000000002ee                SWI4_EGU4_IRQHandler
                0x00000000000002ee                UARTE1_IRQHandler
                0x00000000000002ee                TIMER1_IRQHandler
                0x00000000000002ee                SPIM3_IRQHandler
                0x00000000000002ee                PWM2_IRQHandler
                0x00000000000002ee                ECB_IRQHandler
                0x00000000000002ee                SPIM1_SPIS1_TWIM1_TWIS1_SPI1_TWI1_IRQHandler
                0x00000000000002ee                Default_Handler
                0x00000000000002ee                SAADC_IRQHandler
                0x00000000000002ee                CCM_AAR_IRQHandler
                0x00000000000002ee                WDT_IRQHandler
                0x00000000000002ee                SWI5_EGU5_IRQHandler
                0x00000000000002ee                RNG_IRQHandler
                0x00000000000002ee                RTC2_IRQHandler
                0x00000000000002ee                PWM0_IRQHandler
                0x00000000000002ee                SWI3_EGU3_IRQHandler
                0x00000000000002ee                RTC1_IRQHandler
                0x00000000000002ee                SWI1_EGU1_IRQHandler
                0x00000000000002ee                SPIM2_SPIS2_SPI2_IRQHandler
                0x00000000000002ee                NFCT_IRQHandler
                0x00000000000002ee                MWU_IRQHandler
                0x00000000000002ee                QSPI_IRQHandler
                0x00000000000002ee                TIMER2_IRQHandler
                0x00000000000002ee                COMP_LPCOMP_IRQHandler
                0x00000000000002ee                RTC0_IRQHandler
                0x00000000000002ee                SWI0_EGU0_IRQHandler
                0x00000000000002ee                SWI2_EGU2_IRQHandler
                0x00000000000002ee                GPIOTE_IRQHandler
                0x00000000000002ee                PWM1_IRQHandler
                0x00000000000002ee                PDM_IRQHandler
                0x00000000000002ee                TEMP_IRQHandler
                0x00000000000002ee                QDEC_IRQHandler
                0x00000000000002ee                TIMER3_IRQHandler
 .text.nrf_log_backend_rtt_flush
                0x00000000000002f0        0x4 _build/nrf52840_xxaa/nrf_log_backend_rtt.c.o
 .text.nrf_log_backend_rtt_put
                0x00000000000002f4       0x20 _build/nrf52840_xxaa/nrf_log_backend_rtt.c.o
 .text.serial_tx
                0x0000000000000314       0x54 _build/nrf52840_xxaa/nrf_log_backend_rtt.c.o
 .text.nrf_log_backend_rtt_panic_set
                0x0000000000000368        0x4 _build/nrf52840_xxaa/nrf_log_backend_rtt.c.o
 .text.nrf_log_backend_rtt_init
                0x000000000000036c        0x4 _build/nrf52840_xxaa/nrf_log_backend_rtt.c.o
                0x000000000000036c                nrf_log_backend_rtt_init
 .text.nrf_log_backend_serial_put
                0x0000000000000370       0xd4 _build/nrf52840_xxaa/nrf_log_backend_serial.c.o
                0x0000000000000370                nrf_log_backend_serial_put
 .text.nrf_log_default_backends_init
                0x0000000000000444       0x20 _build/nrf52840_xxaa/nrf_log_default_backends.c.o
                0x0000000000000444                nrf_log_default_backends_init
 .text.log_skip
                0x0000000000000464       0xd4 _build/nrf52840_xxaa/nrf_log_frontend.c.o
 .text.nrf_log_init
                0x0000000000000538       0x3c _build/nrf52840_xxaa/nrf_log_frontend.c.o
                0x0000000000000538                nrf_log_init
 .text.nrf_log_module_name_get
                0x0000000000000574       0x58 _build/nrf52840_xxaa/nrf_log_frontend.c.o
                0x0000000000000574                nrf_log_module_name_get
 .text.nrf_log_color_id_get
                0x00000000000005cc       0x2c _build/nrf52840_xxaa/nrf_log_frontend.c.o
                0x00000000000005cc                nrf_log_color_id_get
 .text.nrf_log_push
                0x00000000000005f8       0x64 _build/nrf52840_xxaa/nrf_log_frontend.c.o
                0x00000000000005f8                nrf_log_push
 .text.nrf_log_frontend_std_0
                0x000000000000065c       0xe4 _build/nrf52840_xxaa/nrf_log_frontend.c.o
                0x000000000000065c                nrf_log_frontend_std_0
 .text.nrf_log_frontend_dequeue.part.6
                0x0000000000000740      0x264 _build/nrf52840_xxaa/nrf_log_frontend.c.o
 .text.nrf_log_frontend_std_1
                0x00000000000009a4       0xf0 _build/nrf52840_xxaa/nrf_log_frontend.c.o
                0x00000000000009a4                nrf_log_frontend_std_1
 .text.nrf_log_frontend_std_3
                0x0000000000000a94      0x104 _build/nrf52840_xxaa/nrf_log_frontend.c.o
                0x0000000000000a94                nrf_log_frontend_std_3
 .text.nrf_log_frontend_dequeue
                0x0000000000000b98       0x18 _build/nrf52840_xxaa/nrf_log_frontend.c.o
                0x0000000000000b98                nrf_log_frontend_dequeue
 .text.nrf_log_backend_add
                0x0000000000000bb0       0x68 _build/nrf52840_xxaa/nrf_log_frontend.c.o
                0x0000000000000bb0                nrf_log_backend_add
 .text.nrf_log_panic
                0x0000000000000c18       0x2c _build/nrf52840_xxaa/nrf_log_frontend.c.o
                0x0000000000000c18                nrf_log_panic
 .text.nrf_log_std_entry_process
                0x0000000000000c44      0x14c _build/nrf52840_xxaa/nrf_log_str_formatter.c.o
                0x0000000000000c44                nrf_log_std_entry_process
 .text.nrf_log_hexdump_entry_process
                0x0000000000000d90      0x158 _build/nrf52840_xxaa/nrf_log_str_formatter.c.o
                0x0000000000000d90                nrf_log_hexdump_entry_process
 .text.app_error_handler_bare
                0x0000000000000ee8       0x20 _build/nrf52840_xxaa/app_error.c.o
                0x0000000000000ee8                app_error_handler_bare
 .text.app_error_fault_handler
                0x0000000000000f08       0x70 _build/nrf52840_xxaa/app_error_weak.c.o
                0x0000000000000f08                app_error_fault_handler
 .text.app_util_critical_region_enter
                0x0000000000000f78       0x10 _build/nrf52840_xxaa/app_util_platform.c.o
                0x0000000000000f78                app_util_critical_region_enter
 .text.app_util_critical_region_exit
                0x0000000000000f88       0x14 _build/nrf52840_xxaa/app_util_platform.c.o
                0x0000000000000f88                app_util_critical_region_exit
 .text.assert_nrf_callback
                0x0000000000000f9c       0x1c _build/nrf52840_xxaa/nrf_assert.c.o
                0x0000000000000f9c                assert_nrf_callback
 .text.nrf_atomic_u32_fetch_store
                0x0000000000000fb8       0x14 _build/nrf52840_xxaa/nrf_atomic.c.o
                0x0000000000000fb8                nrf_atomic_u32_fetch_store
 .text.nrf_atomic_u32_add
                0x0000000000000fcc       0x18 _build/nrf52840_xxaa/nrf_atomic.c.o
                0x0000000000000fcc                nrf_atomic_u32_add
 .text.nrf_atomic_u32_sub
                0x0000000000000fe4       0x18 _build/nrf52840_xxaa/nrf_atomic.c.o
                0x0000000000000fe4                nrf_atomic_u32_sub
 .text.nrf_atomic_flag_set_fetch
                0x0000000000000ffc       0x18 _build/nrf52840_xxaa/nrf_atomic.c.o
                0x0000000000000ffc                nrf_atomic_flag_set_fetch
 .text.nrf_atomic_flag_set
                0x0000000000001014       0x18 _build/nrf52840_xxaa/nrf_atomic.c.o
                0x0000000000001014                nrf_atomic_flag_set
 .text.nrf_atomic_flag_clear_fetch
                0x000000000000102c       0x18 _build/nrf52840_xxaa/nrf_atomic.c.o
                0x000000000000102c                nrf_atomic_flag_clear_fetch
 .text.nrf_atomic_flag_clear
                0x0000000000001044       0x18 _build/nrf52840_xxaa/nrf_atomic.c.o
                0x0000000000001044                nrf_atomic_flag_clear
 .text.nrf_balloc_init
                0x000000000000105c       0x38 _build/nrf52840_xxaa/nrf_balloc.c.o
                0x000000000000105c                nrf_balloc_init
 .text.nrf_balloc_alloc
                0x0000000000001094       0x44 _build/nrf52840_xxaa/nrf_balloc.c.o
                0x0000000000001094                nrf_balloc_alloc
 .text.nrf_balloc_free
                0x00000000000010d8       0x2c _build/nrf52840_xxaa/nrf_balloc.c.o
                0x00000000000010d8                nrf_balloc_free
 .text.nrf_fprintf_buffer_flush
                0x0000000000001104       0x18 _build/nrf52840_xxaa/nrf_fprintf.c.o
                0x0000000000001104                nrf_fprintf_buffer_flush
 .text.nrf_fprintf
                0x000000000000111c       0x20 _build/nrf52840_xxaa/nrf_fprintf.c.o
                0x000000000000111c                nrf_fprintf
 .text.unsigned_print
                0x000000000000113c      0x10c _build/nrf52840_xxaa/nrf_fprintf_format.c.o
 .text.nrf_fprintf_fmt
                0x0000000000001248      0x5bc _build/nrf52840_xxaa/nrf_fprintf_format.c.o
                0x0000000000001248                nrf_fprintf_fmt
 .text.nrf_memobj_pool_init
                0x0000000000001804        0x4 _build/nrf52840_xxaa/nrf_memobj.c.o
                0x0000000000001804                nrf_memobj_pool_init
 .text.nrf_memobj_alloc
                0x0000000000001808       0x84 _build/nrf52840_xxaa/nrf_memobj.c.o
                0x0000000000001808                nrf_memobj_alloc
 .text.nrf_memobj_get
                0x000000000000188c        0x8 _build/nrf52840_xxaa/nrf_memobj.c.o
                0x000000000000188c                nrf_memobj_get
 .text.nrf_memobj_put
                0x0000000000001894       0x44 _build/nrf52840_xxaa/nrf_memobj.c.o
                0x0000000000001894                nrf_memobj_put
 .text.nrf_memobj_write
                0x00000000000018d8       0x68 _build/nrf52840_xxaa/nrf_memobj.c.o
                0x00000000000018d8                nrf_memobj_write
 .text.nrf_memobj_read
                0x0000000000001940       0x68 _build/nrf52840_xxaa/nrf_memobj.c.o
                0x0000000000001940                nrf_memobj_read
 .text.nrf_ringbuf_init
                0x00000000000019a8       0x1c _build/nrf52840_xxaa/nrf_ringbuf.c.o
                0x00000000000019a8                nrf_ringbuf_init
 .text.nrf_ringbuf_alloc
                0x00000000000019c4       0x90 _build/nrf52840_xxaa/nrf_ringbuf.c.o
                0x00000000000019c4                nrf_ringbuf_alloc
 .text.nrf_ringbuf_put
                0x0000000000001a54       0x34 _build/nrf52840_xxaa/nrf_ringbuf.c.o
                0x0000000000001a54                nrf_ringbuf_put
 .text.nrf_ringbuf_free
                0x0000000000001a88       0x28 _build/nrf52840_xxaa/nrf_ringbuf.c.o
                0x0000000000001a88                nrf_ringbuf_free
 .text.clock_irq_handler
                0x0000000000001ab0       0x44 _build/nrf52840_xxaa/nrf_drv_clock.c.o
 .text.nrf_drv_clock_init
                0x0000000000001af4       0x34 _build/nrf52840_xxaa/nrf_drv_clock.c.o
                0x0000000000001af4                nrf_drv_clock_init
 .text.nrf_drv_clock_lfclk_request
                0x0000000000001b28       0x5c _build/nrf52840_xxaa/nrf_drv_clock.c.o
                0x0000000000001b28                nrf_drv_clock_lfclk_request
 .text.nrf_drv_clock_lfclk_is_running
                0x0000000000001b84       0x10 _build/nrf52840_xxaa/nrf_drv_clock.c.o
                0x0000000000001b84                nrf_drv_clock_lfclk_is_running
 .text.nrf_drv_clock_hfclk_request
                0x0000000000001b94       0x5c _build/nrf52840_xxaa/nrf_drv_clock.c.o
                0x0000000000001b94                nrf_drv_clock_hfclk_request
 .text.nrf_drv_clock_hfclk_is_running
                0x0000000000001bf0       0x18 _build/nrf52840_xxaa/nrf_drv_clock.c.o
                0x0000000000001bf0                nrf_drv_clock_hfclk_is_running
 .text.nrfx_clock_init
                0x0000000000001c08       0x1c _build/nrf52840_xxaa/nrfx_clock.c.o
                0x0000000000001c08                nrfx_clock_init
 .text.nrfx_clock_enable
                0x0000000000001c24       0x28 _build/nrf52840_xxaa/nrfx_clock.c.o
                0x0000000000001c24                nrfx_clock_enable
 .text.nrfx_clock_lfclk_start
                0x0000000000001c4c       0x30 _build/nrf52840_xxaa/nrfx_clock.c.o
                0x0000000000001c4c                nrfx_clock_lfclk_start
 .text.nrfx_clock_hfclk_start
                0x0000000000001c7c       0x24 _build/nrf52840_xxaa/nrfx_clock.c.o
                0x0000000000001c7c                nrfx_clock_hfclk_start
 .text.POWER_CLOCK_IRQHandler
                0x0000000000001ca0       0x64 _build/nrf52840_xxaa/nrfx_clock.c.o
                0x0000000000001ca0                POWER_CLOCK_IRQHandler
 .text.sys_assert_info_handler
                0x0000000000001d04       0xc0 _build/nrf52840_xxaa/assert.c.o
                0x0000000000001d04                sys_assert_info_handler
 .text.fsm_action
                0x0000000000001dc4       0x10 _build/nrf52840_xxaa/fsm.c.o
 .text.fsm_guard
                0x0000000000001dd4       0x10 _build/nrf52840_xxaa/fsm.c.o
 .text.gu_send_success
                0x0000000000001de4       0x10 _build/nrf52840_xxaa/fsm.c.o
 .text.gu_uart_tx_data_available
                0x0000000000001df4       0x18 _build/nrf52840_xxaa/fsm.c.o
 .text.gu_radio_tx_idle
                0x0000000000001e0c        0xc _build/nrf52840_xxaa/fsm.c.o
 .text.gu_uart_tx_idle
                0x0000000000001e18        0xc _build/nrf52840_xxaa/fsm.c.o
 .text.a_config_complete
                0x0000000000001e24       0x14 _build/nrf52840_xxaa/fsm.c.o
 .text.a_uart_tx_idle_set
                0x0000000000001e38        0xc _build/nrf52840_xxaa/fsm.c.o
 .text.mlme_set_conf_store
                0x0000000000001e44       0x14 _build/nrf52840_xxaa/fsm.c.o
 .text.mcps_data_ind_store
                0x0000000000001e58       0x4c _build/nrf52840_xxaa/fsm.c.o
 .text.mcps_data_conf_store
                0x0000000000001ea4       0x14 _build/nrf52840_xxaa/fsm.c.o
 .text.a_uart_tx_start
                0x0000000000001eb8       0x58 _build/nrf52840_xxaa/fsm.c.o
 .text.a_radio_tx_restart
                0x0000000000001f10       0x34 _build/nrf52840_xxaa/fsm.c.o
 .text.a_radio_tx_start
                0x0000000000001f44       0xb4 _build/nrf52840_xxaa/fsm.c.o
 .text.a_rx_on_idle_set
                0x0000000000001ff8       0x48 _build/nrf52840_xxaa/fsm.c.o
 .text.a_pan_id_set
                0x0000000000002040       0x50 _build/nrf52840_xxaa/fsm.c.o
 .text.a_ext_addr_set
                0x0000000000002090       0x58 _build/nrf52840_xxaa/fsm.c.o
 .text.a_short_addr_set
                0x00000000000020e8       0x4c _build/nrf52840_xxaa/fsm.c.o
 .text.a_channel_set
                0x0000000000002134       0x4c _build/nrf52840_xxaa/fsm.c.o
 .text.gu_set_success
                0x0000000000002180       0x38 _build/nrf52840_xxaa/fsm.c.o
 .text.mlme_set_conf
                0x00000000000021b8       0x60 _build/nrf52840_xxaa/fsm.c.o
 .text.mcps_data_conf
                0x0000000000002218       0x68 _build/nrf52840_xxaa/fsm.c.o
 .text.fsm_init
                0x0000000000002280       0x28 _build/nrf52840_xxaa/fsm.c.o
                0x0000000000002280                fsm_init
 .text.fsm_event_post
                0x00000000000022a8       0x54 _build/nrf52840_xxaa/fsm.c.o
                0x00000000000022a8                fsm_event_post
 .text.fsm_event_scheduler_run
                0x00000000000022fc       0xe8 _build/nrf52840_xxaa/fsm.c.o
                0x00000000000022fc                fsm_event_scheduler_run
 .text.out_of_memory_callback
                0x00000000000023e4       0x14 _build/nrf52840_xxaa/main.c.o
 .text.memory_freed_callback
                0x00000000000023f8       0x14 _build/nrf52840_xxaa/main.c.o
 .text.mcps_data_ind
                0x000000000000240c       0xac _build/nrf52840_xxaa/main.c.o
                0x000000000000240c                mcps_data_ind
 .text.app_task_handler
                0x00000000000024b8        0x4 _build/nrf52840_xxaa/main.c.o
                0x00000000000024b8                app_task_handler
 .text.startup.main
                0x00000000000024bc      0x110 _build/nrf52840_xxaa/main.c.o
                0x00000000000024bc                main
 .text.mlme_comm_status_ind
                0x00000000000025cc       0x28 _build/nrf52840_xxaa/security.c.o
                0x00000000000025cc                mlme_comm_status_ind
 .text.uart_read_handler
                0x00000000000025f4        0x8 _build/nrf52840_xxaa/uart.c.o
 .text.uart_write_handler
                0x00000000000025fc       0x20 _build/nrf52840_xxaa/uart.c.o
 .text.uart_error_handler
                0x000000000000261c       0x3c _build/nrf52840_xxaa/uart.c.o
 .text.uart_init
                0x0000000000002658       0x28 _build/nrf52840_xxaa/uart.c.o
                0x0000000000002658                uart_init
 .text.SEGGER_RTT_WriteNoLock
                0x0000000000002680      0x168 _build/nrf52840_xxaa/SEGGER_RTT.c.o
                0x0000000000002680                SEGGER_RTT_WriteNoLock
 .text.SEGGER_RTT_Init
                0x00000000000027e8       0x60 _build/nrf52840_xxaa/SEGGER_RTT.c.o
                0x00000000000027e8                SEGGER_RTT_Init
 .text.SystemInit
                0x0000000000002848      0x1c4 _build/nrf52840_xxaa/system_nrf52840.c.o
                0x0000000000002848                SystemInit
 .text.ndn_name_from_string
                0x0000000000002a0c      0x10c _build/nrf52840_xxaa/name.c.o
                0x0000000000002a0c                ndn_name_from_string
 .text.hal_atomic_start
                0x0000000000002b18        0xa ../../../../../../../../components/802_15_4/raw/802_15_4_lib_gcc.a(hal_nrf52_soc_atomic.o)
                0x0000000000002b18                hal_atomic_start
 .text.hal_atomic_end
                0x0000000000002b22        0x8 ../../../../../../../../components/802_15_4/raw/802_15_4_lib_gcc.a(hal_nrf52_soc_atomic.o)
                0x0000000000002b22                hal_atomic_end
 *fill*         0x0000000000002b2a        0x2 
 .text.set_last_error
                0x0000000000002b2c       0x10 ../../../../../../../../components/802_15_4/raw/802_15_4_lib_gcc.a(hal_nrf52_soc_uart.o)
 .text.rx_enable
                0x0000000000002b3c        0xc ../../../../../../../../components/802_15_4/raw/802_15_4_lib_gcc.a(hal_nrf52_soc_uart.o)
 .text.start_transmit.part.1
                0x0000000000002b48       0x58 ../../../../../../../../components/802_15_4/raw/802_15_4_lib_gcc.a(hal_nrf52_soc_uart.o)
 .text.hal_uart_task_post
                0x0000000000002ba0       0x80 ../../../../../../../../components/802_15_4/raw/802_15_4_lib_gcc.a(hal_nrf52_soc_uart.o)
 .text.uart_event_handler
                0x0000000000002c20       0xb8 ../../../../../../../../components/802_15_4/raw/802_15_4_lib_gcc.a(hal_nrf52_soc_uart.o)
 .text.set_baudrate
                0x0000000000002cd8       0x24 ../../../../../../../../components/802_15_4/raw/802_15_4_lib_gcc.a(hal_nrf52_soc_uart.o)
                0x0000000000002cd8                set_baudrate
 .text.hal_uart_rx_handler
                0x0000000000002cfc       0x28 ../../../../../../../../components/802_15_4/raw/802_15_4_lib_gcc.a(hal_nrf52_soc_uart.o)
                0x0000000000002cfc                hal_uart_rx_handler
 .text.hal_uart_tx_handler
                0x0000000000002d24       0x28 ../../../../../../../../components/802_15_4/raw/802_15_4_lib_gcc.a(hal_nrf52_soc_uart.o)
                0x0000000000002d24                hal_uart_tx_handler
 .text.hal_uart_error_handler
                0x0000000000002d4c       0x20 ../../../../../../../../components/802_15_4/raw/802_15_4_lib_gcc.a(hal_nrf52_soc_uart.o)
                0x0000000000002d4c                hal_uart_error_handler
 .text.hal_uart_open
                0x0000000000002d6c       0xfc ../../../../../../../../components/802_15_4/raw/802_15_4_lib_gcc.a(hal_nrf52_soc_uart.o)
                0x0000000000002d6c                hal_uart_open
 .text.hal_uart_read
                0x0000000000002e68       0x74 ../../../../../../../../components/802_15_4/raw/802_15_4_lib_gcc.a(hal_nrf52_soc_uart.o)
                0x0000000000002e68                hal_uart_read
 .text.hal_uart_read_buffer_size_get
                0x0000000000002edc       0x10 ../../../../../../../../components/802_15_4/raw/802_15_4_lib_gcc.a(hal_nrf52_soc_uart.o)
                0x0000000000002edc                hal_uart_read_buffer_size_get
 .text.hal_uart_write_buffer_size_get
                0x0000000000002eec       0x14 ../../../../../../../../components/802_15_4/raw/802_15_4_lib_gcc.a(hal_nrf52_soc_uart.o)
                0x0000000000002eec                hal_uart_write_buffer_size_get
 .text.hal_uart_write
                0x0000000000002f00       0x6c ../../../../../../../../components/802_15_4/raw/802_15_4_lib_gcc.a(hal_nrf52_soc_uart.o)
                0x0000000000002f00                hal_uart_write
 .text.tx_byte  0x0000000000002f6c       0x2c ../../../../../../../../components/802_15_4/raw/802_15_4_lib_gcc.a(nrf_drv_uart.o)
 .text.rx_done_event
                0x0000000000002f98       0x24 ../../../../../../../../components/802_15_4/raw/802_15_4_lib_gcc.a(nrf_drv_uart.o)
 .text.tx_done_event
                0x0000000000002fbc       0x28 ../../../../../../../../components/802_15_4/raw/802_15_4_lib_gcc.a(nrf_drv_uart.o)
 .text.rx_byte  0x0000000000002fe4       0x38 ../../../../../../../../components/802_15_4/raw/802_15_4_lib_gcc.a(nrf_drv_uart.o)
 .text.ll_nrf_drv_uart_init
                0x000000000000301c      0x11c ../../../../../../../../components/802_15_4/raw/802_15_4_lib_gcc.a(nrf_drv_uart.o)
                0x000000000000301c                ll_nrf_drv_uart_init
 .text.ll_nrf_drv_uart_tx
                0x0000000000003138      0x108 ../../../../../../../../components/802_15_4/raw/802_15_4_lib_gcc.a(nrf_drv_uart.o)
                0x0000000000003138                ll_nrf_drv_uart_tx
 .text.ll_nrf_drv_uart_rx
                0x0000000000003240      0x190 ../../../../../../../../components/802_15_4/raw/802_15_4_lib_gcc.a(nrf_drv_uart.o)
                0x0000000000003240                ll_nrf_drv_uart_rx
 .text.ll_nrf_drv_uart_rx_enable
                0x00000000000033d0       0x34 ../../../../../../../../components/802_15_4/raw/802_15_4_lib_gcc.a(nrf_drv_uart.o)
                0x00000000000033d0                ll_nrf_drv_uart_rx_enable
 .text.UARTE0_UART0_IRQHandler
                0x0000000000003404      0x1d4 ../../../../../../../../components/802_15_4/raw/802_15_4_lib_gcc.a(nrf_drv_uart.o)
                0x0000000000003404                UARTE0_UART0_IRQHandler
 .text.ack_timeout_expired
                0x00000000000035d8       0x30 ../../../../../../../../components/802_15_4/raw/802_15_4_lib_gcc.a(ral_irq_handlers.o)
 .text.ral_rx_current_frame_store
                0x0000000000003608       0x84 ../../../../../../../../components/802_15_4/raw/802_15_4_lib_gcc.a(ral_irq_handlers.o)
 .text.RADIO_IRQHandler
                0x000000000000368c      0x264 ../../../../../../../../components/802_15_4/raw/802_15_4_lib_gcc.a(ral_irq_handlers.o)
                0x000000000000368c                RADIO_IRQHandler
 .text.ral_irq_handler_import
                0x00000000000038f0        0x2 ../../../../../../../../components/802_15_4/raw/802_15_4_lib_gcc.a(ral_irq_handlers.o)
                0x00000000000038f0                ral_irq_handler_import
 *fill*         0x00000000000038f2        0x2 
 .text.data_fsm_guard
                0x00000000000038f4       0x10 ../../../../../../../../components/802_15_4/raw/802_15_4_lib_gcc.a(mac_mcps_data.o)
 .text.data_fsm_action
                0x0000000000003904       0x10 ../../../../../../../../components/802_15_4/raw/802_15_4_lib_gcc.a(mac_mcps_data.o)
 .text.a_reset  0x0000000000003914       0x10 ../../../../../../../../components/802_15_4/raw/802_15_4_lib_gcc.a(mac_mcps_data.o)
 .text.gu_invalid_addr
                0x0000000000003924       0x28 ../../../../../../../../components/802_15_4/raw/802_15_4_lib_gcc.a(mac_mcps_data.o)
 .text.gu_short_addr_not_set
                0x000000000000394c       0x28 ../../../../../../../../components/802_15_4/raw/802_15_4_lib_gcc.a(mac_mcps_data.o)
 .text.gu_broadcast_with_ack
                0x0000000000003974       0x28 ../../../../../../../../components/802_15_4/raw/802_15_4_lib_gcc.a(mac_mcps_data.o)
 .text.gu_indirect
                0x000000000000399c       0x24 ../../../../../../../../components/802_15_4/raw/802_15_4_lib_gcc.a(mac_mcps_data.o)
 .text.gu_direct_from_coord
                0x00000000000039c0       0x2c ../../../../../../../../components/802_15_4/raw/802_15_4_lib_gcc.a(mac_mcps_data.o)
 .text.gu_gts   0x00000000000039ec       0x20 ../../../../../../../../components/802_15_4/raw/802_15_4_lib_gcc.a(mac_mcps_data.o)
 .text.a_dir_mac_conf
                0x0000000000003a0c       0x28 ../../../../../../../../components/802_15_4/raw/802_15_4_lib_gcc.a(mac_mcps_data.o)
 .text.a_invalid_gts
                0x0000000000003a34       0x1c ../../../../../../../../components/802_15_4/raw/802_15_4_lib_gcc.a(mac_mcps_data.o)
 .text.a_invalid_param
                0x0000000000003a50       0x1c ../../../../../../../../components/802_15_4/raw/802_15_4_lib_gcc.a(mac_mcps_data.o)
 .text.a_no_short_addr
                0x0000000000003a6c       0x1c ../../../../../../../../components/802_15_4/raw/802_15_4_lib_gcc.a(mac_mcps_data.o)
 .text.a_invalid_addr
                0x0000000000003a88       0x1c ../../../../../../../../components/802_15_4/raw/802_15_4_lib_gcc.a(mac_mcps_data.o)
 .text.a_store_in_gts_queue
                0x0000000000003aa4       0x20 ../../../../../../../../components/802_15_4/raw/802_15_4_lib_gcc.a(mac_mcps_data.o)
 .text.a_store_in_queue
                0x0000000000003ac4       0x28 ../../../../../../../../components/802_15_4/raw/802_15_4_lib_gcc.a(mac_mcps_data.o)
 .text.a_data_send
                0x0000000000003aec       0x88 ../../../../../../../../components/802_15_4/raw/802_15_4_lib_gcc.a(mac_mcps_data.o)
 .text.fp_direct_data_conf
                0x0000000000003b74       0x14 ../../../../../../../../components/802_15_4/raw/802_15_4_lib_gcc.a(mac_mcps_data.o)
 .text.a_fp_free_req
                0x0000000000003b88        0x6 ../../../../../../../../components/802_15_4/raw/802_15_4_lib_gcc.a(mac_mcps_data.o)
 *fill*         0x0000000000003b8e        0x2 
 .text.gu_invalid_gts
                0x0000000000003b90       0x24 ../../../../../../../../components/802_15_4/raw/802_15_4_lib_gcc.a(mac_mcps_data.o)
 .text.mcps_data_init
                0x0000000000003bb4       0x10 ../../../../../../../../components/802_15_4/raw/802_15_4_lib_gcc.a(mac_mcps_data.o)
                0x0000000000003bb4                mcps_data_init
 .text.mcps_data_req
                0x0000000000003bc4       0x34 ../../../../../../../../components/802_15_4/raw/802_15_4_lib_gcc.a(mac_mcps_data.o)
                0x0000000000003bc4                mcps_data_req
 .text.mcps_data_reset
                0x0000000000003bf8       0x18 ../../../../../../../../components/802_15_4/raw/802_15_4_lib_gcc.a(mac_mcps_data.o)
                0x0000000000003bf8                mcps_data_reset
 .text.mac_data_req_handler
                0x0000000000003c10       0x34 ../../../../../../../../components/802_15_4/raw/802_15_4_lib_gcc.a(mac_mcps_data.o)
                0x0000000000003c10                mac_data_req_handler
 .text.mac_data_dir_conf_handler
                0x0000000000003c44       0x10 ../../../../../../../../components/802_15_4/raw/802_15_4_lib_gcc.a(mac_mcps_data.o)
                0x0000000000003c44                mac_data_dir_conf_handler
 .text.mac_fp_data_indicate
                0x0000000000003c54       0x74 ../../../../../../../../components/802_15_4/raw/802_15_4_lib_gcc.a(mac_mcps_data.o)
                0x0000000000003c54                mac_fp_data_indicate
 .text.mac_data_fp_time_confirm
                0x0000000000003cc8       0x10 ../../../../../../../../components/802_15_4/raw/802_15_4_lib_gcc.a(mac_mcps_data.o)
                0x0000000000003cc8                mac_data_fp_time_confirm
 .text.poll_timer_callback
                0x0000000000003cd8       0x14 ../../../../../../../../components/802_15_4/raw/802_15_4_lib_gcc.a(mac_memory.o)
 .text.allocator_run
                0x0000000000003cec       0x34 ../../../../../../../../components/802_15_4/raw/802_15_4_lib_gcc.a(mac_memory.o)
 .text.out_of_memory_event_callback
                0x0000000000003d20       0x28 ../../../../../../../../components/802_15_4/raw/802_15_4_lib_gcc.a(mac_memory.o)
 .text.memory_freed_callback
                0x0000000000003d48       0x38 ../../../../../../../../components/802_15_4/raw/802_15_4_lib_gcc.a(mac_memory.o)
 .text.mac_mem_init
                0x0000000000003d80       0x60 ../../../../../../../../components/802_15_4/raw/802_15_4_lib_gcc.a(mac_memory.o)
                0x0000000000003d80                mac_mem_init
 .text.mac_mem_reset
                0x0000000000003de0       0x24 ../../../../../../../../components/802_15_4/raw/802_15_4_lib_gcc.a(mac_memory.o)
                0x0000000000003de0                mac_mem_reset
 .text.mac_mem_chunk_allocate
                0x0000000000003e04       0x18 ../../../../../../../../components/802_15_4/raw/802_15_4_lib_gcc.a(mac_memory.o)
                0x0000000000003e04                mac_mem_chunk_allocate
 .text.mac_mem_allocator_task_handler
                0x0000000000003e1c       0x2c ../../../../../../../../components/802_15_4/raw/802_15_4_lib_gcc.a(mac_memory.o)
                0x0000000000003e1c                mac_mem_allocator_task_handler
 .text.mac_mem_chunk_free
                0x0000000000003e48        0x6 ../../../../../../../../components/802_15_4/raw/802_15_4_lib_gcc.a(mac_memory.o)
                0x0000000000003e48                mac_mem_chunk_free
 .text.mac_mem_msdu_free
                0x0000000000003e4e        0xa ../../../../../../../../components/802_15_4/raw/802_15_4_lib_gcc.a(mac_memory.o)
                0x0000000000003e4e                mac_mem_msdu_free
 .text.id_to_index
                0x0000000000003e58       0x1c ../../../../../../../../components/802_15_4/raw/802_15_4_lib_gcc.a(mac_mlme_pib.o)
 .text.unsigned_bounds_check
                0x0000000000003e74       0x48 ../../../../../../../../components/802_15_4/raw/802_15_4_lib_gcc.a(mac_mlme_pib.o)
 .text.attribute_update_afterhook
                0x0000000000003ebc       0x60 ../../../../../../../../components/802_15_4/raw/802_15_4_lib_gcc.a(mac_mlme_pib.o)
 .text.new_value_set
                0x0000000000003f1c       0x38 ../../../../../../../../components/802_15_4/raw/802_15_4_lib_gcc.a(mac_mlme_pib.o)
 .text.phy_to_mac_status
                0x0000000000003f54       0x34 ../../../../../../../../components/802_15_4/raw/802_15_4_lib_gcc.a(mac_mlme_pib.o)
 .text.mac_attribute_set.isra.8
                0x0000000000003f88       0x64 ../../../../../../../../components/802_15_4/raw/802_15_4_lib_gcc.a(mac_mlme_pib.o)
 .text.mac_pib_init
                0x0000000000003fec       0x28 ../../../../../../../../components/802_15_4/raw/802_15_4_lib_gcc.a(mac_mlme_pib.o)
                0x0000000000003fec                mac_pib_init
 .text.mac_pib_reset
                0x0000000000004014       0x2c ../../../../../../../../components/802_15_4/raw/802_15_4_lib_gcc.a(mac_mlme_pib.o)
                0x0000000000004014                mac_pib_reset
 .text.mlme_set_req
                0x0000000000004040       0x24 ../../../../../../../../components/802_15_4/raw/802_15_4_lib_gcc.a(mac_mlme_pib.o)
                0x0000000000004040                mlme_set_req
 .text.mlme_check
                0x0000000000004064       0x50 ../../../../../../../../components/802_15_4/raw/802_15_4_lib_gcc.a(mac_mlme_pib.o)
                0x0000000000004064                mlme_check
 .text.plme_set_conf
                0x00000000000040b4       0x10 ../../../../../../../../components/802_15_4/raw/802_15_4_lib_gcc.a(mac_mlme_pib.o)
                0x00000000000040b4                plme_set_conf
 .text.plme_get_conf
                0x00000000000040c4       0x10 ../../../../../../../../components/802_15_4/raw/802_15_4_lib_gcc.a(mac_mlme_pib.o)
                0x00000000000040c4                plme_get_conf
 .text.mac_set_req_conf_handler
                0x00000000000040d4       0x30 ../../../../../../../../components/802_15_4/raw/802_15_4_lib_gcc.a(mac_mlme_pib.o)
                0x00000000000040d4                mac_set_req_conf_handler
 .text.mac_get_req_handler
                0x0000000000004104       0xb8 ../../../../../../../../components/802_15_4/raw/802_15_4_lib_gcc.a(mac_mlme_pib.o)
                0x0000000000004104                mac_get_req_handler
 .text.mlme_pib_attr_size_calc
                0x00000000000041bc       0x70 ../../../../../../../../components/802_15_4/raw/802_15_4_lib_gcc.a(mac_mlme_pib.o)
                0x00000000000041bc                mlme_pib_attr_size_calc
 .text.mac_set_req_handler
                0x000000000000422c       0xb0 ../../../../../../../../components/802_15_4/raw/802_15_4_lib_gcc.a(mac_mlme_pib.o)
                0x000000000000422c                mac_set_req_handler
 .text.mac_get_req_conf_handler
                0x00000000000042dc       0x4c ../../../../../../../../components/802_15_4/raw/802_15_4_lib_gcc.a(mac_mlme_pib.o)
                0x00000000000042dc                mac_get_req_conf_handler
 .text.mlme_set
                0x0000000000004328       0x84 ../../../../../../../../components/802_15_4/raw/802_15_4_lib_gcc.a(mac_mlme_pib.o)
                0x0000000000004328                mlme_set
 .text.mlme_set_fast
                0x00000000000043ac       0x60 ../../../../../../../../components/802_15_4/raw/802_15_4_lib_gcc.a(mac_mlme_pib.o)
                0x00000000000043ac                mlme_set_fast
 .text.mlme_check_group
                0x000000000000440c       0x26 ../../../../../../../../components/802_15_4/raw/802_15_4_lib_gcc.a(mac_mlme_pib.o)
                0x000000000000440c                mlme_check_group
 .text.mlme_set_group
                0x0000000000004432       0x1e ../../../../../../../../components/802_15_4/raw/802_15_4_lib_gcc.a(mac_mlme_pib.o)
                0x0000000000004432                mlme_set_group
 .text.mac_outer_reqs_task_handler
                0x0000000000004450       0x54 ../../../../../../../../components/802_15_4/raw/802_15_4_lib_gcc.a(mac_task_scheduler.o)
 .text.sys_task_post.constprop.1
                0x00000000000044a4       0x30 ../../../../../../../../components/802_15_4/raw/802_15_4_lib_gcc.a(mac_task_scheduler.o)
 .text.mac_internal_task_post
                0x00000000000044d4       0x30 ../../../../../../../../components/802_15_4/raw/802_15_4_lib_gcc.a(mac_task_scheduler.o)
                0x00000000000044d4                mac_internal_task_post
 .text.mac_task_handler
                0x0000000000004504       0x70 ../../../../../../../../components/802_15_4/raw/802_15_4_lib_gcc.a(mac_task_scheduler.o)
                0x0000000000004504                mac_task_handler
 .text.mac_init
                0x0000000000004574       0x58 ../../../../../../../../components/802_15_4/raw/802_15_4_lib_gcc.a(mac_task_scheduler.o)
                0x0000000000004574                mac_init
 .text.mac_request_schedule
                0x00000000000045cc       0x3c ../../../../../../../../components/802_15_4/raw/802_15_4_lib_gcc.a(mac_task_scheduler.o)
                0x00000000000045cc                mac_request_schedule
 .text.mac_close_request
                0x0000000000004608       0x44 ../../../../../../../../components/802_15_4/raw/802_15_4_lib_gcc.a(mac_task_scheduler.o)
                0x0000000000004608                mac_close_request
 .text.plme_get_req
                0x000000000000464c       0x24 ../../../../../../../../components/802_15_4/raw/802_15_4_lib_gcc.a(phy_plme_pib.o)
                0x000000000000464c                plme_get_req
 .text.plme_set_req
                0x0000000000004670       0x24 ../../../../../../../../components/802_15_4/raw/802_15_4_lib_gcc.a(phy_plme_pib.o)
                0x0000000000004670                plme_set_req
 .text.plme_get
                0x0000000000004694       0x68 ../../../../../../../../components/802_15_4/raw/802_15_4_lib_gcc.a(phy_plme_pib.o)
                0x0000000000004694                plme_get
 .text.phy_get_handler
                0x00000000000046fc       0x40 ../../../../../../../../components/802_15_4/raw/802_15_4_lib_gcc.a(phy_plme_pib.o)
                0x00000000000046fc                phy_get_handler
 .text.plme_check
                0x000000000000473c       0x4a ../../../../../../../../components/802_15_4/raw/802_15_4_lib_gcc.a(phy_plme_pib.o)
                0x000000000000473c                plme_check
 *fill*         0x0000000000004786        0x2 
 .text.plme_set
                0x0000000000004788       0x4c ../../../../../../../../components/802_15_4/raw/802_15_4_lib_gcc.a(phy_plme_pib.o)
                0x0000000000004788                plme_set
 .text.phy_set_handler
                0x00000000000047d4       0x40 ../../../../../../../../components/802_15_4/raw/802_15_4_lib_gcc.a(phy_plme_pib.o)
                0x00000000000047d4                phy_set_handler
 .text.plme_set_trx_state
                0x0000000000004814       0x34 ../../../../../../../../components/802_15_4/raw/802_15_4_lib_gcc.a(phy_plme_trx.o)
                0x0000000000004814                plme_set_trx_state
 .text.phy_trx_req_handler
                0x0000000000004848       0x28 ../../../../../../../../components/802_15_4/raw/802_15_4_lib_gcc.a(phy_plme_trx.o)
                0x0000000000004848                phy_trx_req_handler
 .text.sys_task_post.constprop.0
                0x0000000000004870       0x30 ../../../../../../../../components/802_15_4/raw/802_15_4_lib_gcc.a(phy_task_scheduler.o)
 .text.phy_init
                0x00000000000048a0       0x18 ../../../../../../../../components/802_15_4/raw/802_15_4_lib_gcc.a(phy_task_scheduler.o)
                0x00000000000048a0                phy_init
 .text.phy_reset
                0x00000000000048b8        0x4 ../../../../../../../../components/802_15_4/raw/802_15_4_lib_gcc.a(phy_task_scheduler.o)
                0x00000000000048b8                phy_reset
 .text.phy_task_handler
                0x00000000000048bc       0x78 ../../../../../../../../components/802_15_4/raw/802_15_4_lib_gcc.a(phy_task_scheduler.o)
                0x00000000000048bc                phy_task_handler
 .text.phy_task_post
                0x0000000000004934       0x34 ../../../../../../../../components/802_15_4/raw/802_15_4_lib_gcc.a(phy_task_scheduler.o)
                0x0000000000004934                phy_task_post
 .text.hal_task_handler
                0x0000000000004968       0x5c ../../../../../../../../components/802_15_4/raw/802_15_4_lib_gcc.a(hal_task_scheduler.o)
                0x0000000000004968                hal_task_handler
 .text.hal_timer_task_handler
                0x00000000000049c4        0x4 ../../../../../../../../components/802_15_4/raw/802_15_4_lib_gcc.a(hal_timer.o)
                0x00000000000049c4                hal_timer_task_handler
 .text.hal_timer_critical_manual_handler
                0x00000000000049c8        0x4 ../../../../../../../../components/802_15_4/raw/802_15_4_lib_gcc.a(hal_timer.o)
                0x00000000000049c8                hal_timer_critical_manual_handler
 .text.hal_uart_task_handler
                0x00000000000049cc       0xd0 ../../../../../../../../components/802_15_4/raw/802_15_4_lib_gcc.a(hal_uart_task_scheduler.o)
                0x00000000000049cc                hal_uart_task_handler
 .text.sys_events_init
                0x0000000000004a9c        0xc ../../../../../../../../components/802_15_4/raw/802_15_4_lib_gcc.a(sys_events.o)
                0x0000000000004a9c                sys_events_init
 .text.sys_event_subscribe
                0x0000000000004aa8       0x30 ../../../../../../../../components/802_15_4/raw/802_15_4_lib_gcc.a(sys_events.o)
                0x0000000000004aa8                sys_event_subscribe
 .text.sys_event_post
                0x0000000000004ad8       0x30 ../../../../../../../../components/802_15_4/raw/802_15_4_lib_gcc.a(sys_events.o)
                0x0000000000004ad8                sys_event_post
 .text.sys_fsm_event_post_try
                0x0000000000004b08       0xf8 ../../../../../../../../components/802_15_4/raw/802_15_4_lib_gcc.a(sys_fsm.o)
 .text.sys_fsm_init
                0x0000000000004c00       0x88 ../../../../../../../../components/802_15_4/raw/802_15_4_lib_gcc.a(sys_fsm.o)
                0x0000000000004c00                sys_fsm_init
 .text.sys_fsm_event_post
                0x0000000000004c88       0x58 ../../../../../../../../components/802_15_4/raw/802_15_4_lib_gcc.a(sys_fsm.o)
                0x0000000000004c88                sys_fsm_event_post
 .text.sys_init
                0x0000000000004ce0       0x58 ../../../../../../../../components/802_15_4/raw/802_15_4_lib_gcc.a(sys_init.o)
                0x0000000000004ce0                sys_init
 .text.set_tail_guard
                0x0000000000004d38       0x14 ../../../../../../../../components/802_15_4/raw/802_15_4_lib_gcc.a(sys_memory_manager.o)
 .text.sys_mm_init
                0x0000000000004d4c       0x4c ../../../../../../../../components/802_15_4/raw/802_15_4_lib_gcc.a(sys_memory_manager.o)
                0x0000000000004d4c                sys_mm_init
 .text.sys_mm_alloc
                0x0000000000004d98      0x160 ../../../../../../../../components/802_15_4/raw/802_15_4_lib_gcc.a(sys_memory_manager.o)
                0x0000000000004d98                sys_mm_alloc
 .text.sys_mm_free
                0x0000000000004ef8      0x1b8 ../../../../../../../../components/802_15_4/raw/802_15_4_lib_gcc.a(sys_memory_manager.o)
                0x0000000000004ef8                sys_mm_free
 .text.sys_queue_init
                0x00000000000050b0       0x18 ../../../../../../../../components/802_15_4/raw/802_15_4_lib_gcc.a(sys_queue.o)
                0x00000000000050b0                sys_queue_init
 .text.sys_queue_front
                0x00000000000050c8       0x2c ../../../../../../../../components/802_15_4/raw/802_15_4_lib_gcc.a(sys_queue.o)
                0x00000000000050c8                sys_queue_front
 .text.sys_queue_back
                0x00000000000050f4       0x1c ../../../../../../../../components/802_15_4/raw/802_15_4_lib_gcc.a(sys_queue.o)
                0x00000000000050f4                sys_queue_back
 .text.sys_queue_next
                0x0000000000005110       0x40 ../../../../../../../../components/802_15_4/raw/802_15_4_lib_gcc.a(sys_queue.o)
                0x0000000000005110                sys_queue_next
 .text.sys_queue_contains
                0x0000000000005150       0x20 ../../../../../../../../components/802_15_4/raw/802_15_4_lib_gcc.a(sys_queue.o)
 .text.sys_queue_insert_after
                0x0000000000005170       0x4c ../../../../../../../../components/802_15_4/raw/802_15_4_lib_gcc.a(sys_queue.o)
 .text.sys_queue_push_front
                0x00000000000051bc       0x44 ../../../../../../../../components/802_15_4/raw/802_15_4_lib_gcc.a(sys_queue.o)
                0x00000000000051bc                sys_queue_push_front
 .text.sys_queue_push_back
                0x0000000000005200       0x44 ../../../../../../../../components/802_15_4/raw/802_15_4_lib_gcc.a(sys_queue.o)
                0x0000000000005200                sys_queue_push_back
 .text.sys_queue_push_predicated
                0x0000000000005244       0x8c ../../../../../../../../components/802_15_4/raw/802_15_4_lib_gcc.a(sys_queue.o)
                0x0000000000005244                sys_queue_push_predicated
 .text.sys_queue_push_predicated_force
                0x00000000000052d0       0x1a ../../../../../../../../components/802_15_4/raw/802_15_4_lib_gcc.a(sys_queue.o)
                0x00000000000052d0                sys_queue_push_predicated_force
 *fill*         0x00000000000052ea        0x2 
 .text.sys_queue_pop_front
                0x00000000000052ec       0x2c ../../../../../../../../components/802_15_4/raw/802_15_4_lib_gcc.a(sys_queue.o)
                0x00000000000052ec                sys_queue_pop_front
 .text.sys_queue_remove_after
                0x0000000000005318       0x64 ../../../../../../../../components/802_15_4/raw/802_15_4_lib_gcc.a(sys_queue.o)
                0x0000000000005318                sys_queue_remove_after
 .text.sys_queue_remove
                0x000000000000537c       0x54 ../../../../../../../../components/802_15_4/raw/802_15_4_lib_gcc.a(sys_queue.o)
                0x000000000000537c                sys_queue_remove
 .text.sys_queue_is_empty
                0x00000000000053d0       0x24 ../../../../../../../../components/802_15_4/raw/802_15_4_lib_gcc.a(sys_queue.o)
                0x00000000000053d0                sys_queue_is_empty
 .text.sys_ringbuffer_init
                0x00000000000053f4       0x24 ../../../../../../../../components/802_15_4/raw/802_15_4_lib_gcc.a(sys_ringbuffer.o)
                0x00000000000053f4                sys_ringbuffer_init
 .text.sys_ringbuffer_init_over
                0x0000000000005418       0x40 ../../../../../../../../components/802_15_4/raw/802_15_4_lib_gcc.a(sys_ringbuffer.o)
                0x0000000000005418                sys_ringbuffer_init_over
 .text.sys_ringbuffer_remove
                0x0000000000005458       0x58 ../../../../../../../../components/802_15_4/raw/802_15_4_lib_gcc.a(sys_ringbuffer.o)
                0x0000000000005458                sys_ringbuffer_remove
 .text.sys_ringbuffer_insert
                0x00000000000054b0       0x6c ../../../../../../../../components/802_15_4/raw/802_15_4_lib_gcc.a(sys_ringbuffer.o)
                0x00000000000054b0                sys_ringbuffer_insert
 .text.sys_ringbuffer_size_get
                0x000000000000551c       0x44 ../../../../../../../../components/802_15_4/raw/802_15_4_lib_gcc.a(sys_ringbuffer.o)
                0x000000000000551c                sys_ringbuffer_size_get
 .text.sys_ringbuffer_remove_multiple
                0x0000000000005560       0x60 ../../../../../../../../components/802_15_4/raw/802_15_4_lib_gcc.a(sys_ringbuffer.o)
                0x0000000000005560                sys_ringbuffer_remove_multiple
 .text.sys_ringbuffer_chunk_get
                0x00000000000055c0       0x60 ../../../../../../../../components/802_15_4/raw/802_15_4_lib_gcc.a(sys_ringbuffer.o)
                0x00000000000055c0                sys_ringbuffer_chunk_get
 .text.sys_sa_buffer_put
                0x0000000000005620       0x34 ../../../../../../../../components/802_15_4/raw/802_15_4_lib_gcc.a(sys_slab_allocator.o)
                0x0000000000005620                sys_sa_buffer_put
 .text.sys_sa_buffer_get
                0x0000000000005654       0x3c ../../../../../../../../components/802_15_4/raw/802_15_4_lib_gcc.a(sys_slab_allocator.o)
                0x0000000000005654                sys_sa_buffer_get
 .text.sys_sa_buffer_free
                0x0000000000005690       0x1c ../../../../../../../../components/802_15_4/raw/802_15_4_lib_gcc.a(sys_slab_allocator.o)
                0x0000000000005690                sys_sa_buffer_free
 .text.sys_sa_buffer_release
                0x00000000000056ac       0x2c ../../../../../../../../components/802_15_4/raw/802_15_4_lib_gcc.a(sys_slab_allocator.o)
                0x00000000000056ac                sys_sa_buffer_release
 .text.sys_sa_is_empty
                0x00000000000056d8       0x34 ../../../../../../../../components/802_15_4/raw/802_15_4_lib_gcc.a(sys_slab_allocator.o)
                0x00000000000056d8                sys_sa_is_empty
 .text.sys_sa_memory_allocate
                0x000000000000570c       0x3c ../../../../../../../../components/802_15_4/raw/802_15_4_lib_gcc.a(sys_slab_allocator.o)
                0x000000000000570c                sys_sa_memory_allocate
 .text.sys_sa_init
                0x0000000000005748       0x4c ../../../../../../../../components/802_15_4/raw/802_15_4_lib_gcc.a(sys_slab_allocator.o)
                0x0000000000005748                sys_sa_init
 .text.sys_sa_reset
                0x0000000000005794       0x30 ../../../../../../../../components/802_15_4/raw/802_15_4_lib_gcc.a(sys_slab_allocator.o)
                0x0000000000005794                sys_sa_reset
 .text.sys_task_handler
                0x00000000000057c4        0x2 ../../../../../../../../components/802_15_4/raw/802_15_4_lib_gcc.a(sys_task_scheduler.o)
                0x00000000000057c4                sys_task_handler
 *fill*         0x00000000000057c6        0x2 
 .text.sys_task_run
                0x00000000000057c8       0x5c ../../../../../../../../components/802_15_4/raw/802_15_4_lib_gcc.a(sys_task_scheduler.o)
                0x00000000000057c8                sys_task_run
 .text.timer_launch
                0x0000000000005824       0x3a ../../../../../../../../components/802_15_4/raw/802_15_4_lib_gcc.a(sys_time.o)
 .text.timer_push
                0x000000000000585e       0x56 ../../../../../../../../components/802_15_4/raw/802_15_4_lib_gcc.a(sys_time.o)
 .text.sys_timers_init
                0x00000000000058b4       0x20 ../../../../../../../../components/802_15_4/raw/802_15_4_lib_gcc.a(sys_time.o)
                0x00000000000058b4                sys_timers_init
 .text.sys_timer_start
                0x00000000000058d4       0x74 ../../../../../../../../components/802_15_4/raw/802_15_4_lib_gcc.a(sys_time.o)
                0x00000000000058d4                sys_timer_start
 .text.sys_timer_stop
                0x0000000000005948       0x64 ../../../../../../../../components/802_15_4/raw/802_15_4_lib_gcc.a(sys_time.o)
                0x0000000000005948                sys_timer_stop
 .text.sys_timer_is_started
                0x00000000000059ac       0x34 ../../../../../../../../components/802_15_4/raw/802_15_4_lib_gcc.a(sys_time.o)
                0x00000000000059ac                sys_timer_is_started
 .text.sys_timer_fire
                0x00000000000059e0       0xc0 ../../../../../../../../components/802_15_4/raw/802_15_4_lib_gcc.a(sys_time.o)
                0x00000000000059e0                sys_timer_fire
 .text.sys_time_get
                0x0000000000005aa0        0x4 ../../../../../../../../components/802_15_4/raw/802_15_4_lib_gcc.a(sys_time.o)
                0x0000000000005aa0                sys_time_get
 .text.sys_time_delay_us
                0x0000000000005aa4        0x4 ../../../../../../../../components/802_15_4/raw/802_15_4_lib_gcc.a(sys_time.o)
                0x0000000000005aa4                sys_time_delay_us
 .text.hal_clock_init
                0x0000000000005aa8        0x2 ../../../../../../../../components/802_15_4/raw/802_15_4_lib_gcc.a(hal_nrf52_soc_clock.o)
                0x0000000000005aa8                hal_clock_init
 *fill*         0x0000000000005aaa        0x2 
 .text.hal_delay
                0x0000000000005aac       0x8c ../../../../../../../../components/802_15_4/raw/802_15_4_lib_gcc.a(hal_nrf52_soc_delay.o)
                0x0000000000005aac                hal_delay
 .text.hal_mutex_init
                0x0000000000005b38        0x2 ../../../../../../../../components/802_15_4/raw/802_15_4_lib_gcc.a(hal_nrf52_soc_mutex.o)
                0x0000000000005b38                hal_mutex_init
 .text.hal_mutex_lock
                0x0000000000005b3a        0x2 ../../../../../../../../components/802_15_4/raw/802_15_4_lib_gcc.a(hal_nrf52_soc_mutex.o)
                0x0000000000005b3a                hal_mutex_lock
 .text.hal_mutex_unlock
                0x0000000000005b3c        0x2 ../../../../../../../../components/802_15_4/raw/802_15_4_lib_gcc.a(hal_nrf52_soc_mutex.o)
                0x0000000000005b3c                hal_mutex_unlock
 .text.hal_rand_init
                0x0000000000005b3e        0x2 ../../../../../../../../components/802_15_4/raw/802_15_4_lib_gcc.a(hal_nrf52_soc_rng.o)
                0x0000000000005b3e                hal_rand_init
 .text.hal_rand_get
                0x0000000000005b40       0x2c ../../../../../../../../components/802_15_4/raw/802_15_4_lib_gcc.a(hal_nrf52_soc_rng.o)
                0x0000000000005b40                hal_rand_get
 .text.hal_ll_timer_start_immediate
                0x0000000000005b6c       0x48 ../../../../../../../../components/802_15_4/raw/802_15_4_lib_gcc.a(hal_nrf52_soc_timer.o)
 .text.hal_task_post
                0x0000000000005bb4       0x54 ../../../../../../../../components/802_15_4/raw/802_15_4_lib_gcc.a(hal_nrf52_soc_timer.o)
 .text.hal_timer_init
                0x0000000000005c08       0x60 ../../../../../../../../components/802_15_4/raw/802_15_4_lib_gcc.a(hal_nrf52_soc_timer.o)
                0x0000000000005c08                hal_timer_init
 .text.hal_timer_stop
                0x0000000000005c68       0x34 ../../../../../../../../components/802_15_4/raw/802_15_4_lib_gcc.a(hal_nrf52_soc_timer.o)
                0x0000000000005c68                hal_timer_stop
 .text.hal_time_get
                0x0000000000005c9c       0x60 ../../../../../../../../components/802_15_4/raw/802_15_4_lib_gcc.a(hal_nrf52_soc_timer.o)
                0x0000000000005c9c                hal_time_get
 .text.hal_timer_start
                0x0000000000005cfc       0x3c ../../../../../../../../components/802_15_4/raw/802_15_4_lib_gcc.a(hal_nrf52_soc_timer.o)
                0x0000000000005cfc                hal_timer_start
 .text.hal_timer_critical_start
                0x0000000000005d38       0x78 ../../../../../../../../components/802_15_4/raw/802_15_4_lib_gcc.a(hal_nrf52_soc_timer.o)
                0x0000000000005d38                hal_timer_critical_start
 .text.hal_timer_critical_handler_emul
                0x0000000000005db0       0x24 ../../../../../../../../components/802_15_4/raw/802_15_4_lib_gcc.a(hal_nrf52_soc_timer.o)
                0x0000000000005db0                hal_timer_critical_handler_emul
 .text.hal_timer_critical_stop
                0x0000000000005dd4       0x38 ../../../../../../../../components/802_15_4/raw/802_15_4_lib_gcc.a(hal_nrf52_soc_timer.o)
                0x0000000000005dd4                hal_timer_critical_stop
 .text.hal_ll_timer_irq_handler
                0x0000000000005e0c       0x70 ../../../../../../../../components/802_15_4/raw/802_15_4_lib_gcc.a(hal_nrf52_soc_timer.o)
 .text.ll_nrf_drv_common_irq_enable
                0x0000000000005e7c       0x4c ../../../../../../../../components/802_15_4/raw/802_15_4_lib_gcc.a(nrf_drv_common.o)
                0x0000000000005e7c                ll_nrf_drv_common_irq_enable
 .text.ll_nrf_drv_timer_init
                0x0000000000005ec8       0xb8 ../../../../../../../../components/802_15_4/raw/802_15_4_lib_gcc.a(nrf_drv_timer.o)
                0x0000000000005ec8                ll_nrf_drv_timer_init
 .text.ll_nrf_drv_timer_enable
                0x0000000000005f80       0x38 ../../../../../../../../components/802_15_4/raw/802_15_4_lib_gcc.a(nrf_drv_timer.o)
                0x0000000000005f80                ll_nrf_drv_timer_enable
 .text.ll_nrf_drv_timer_capture
                0x0000000000005fb8       0x50 ../../../../../../../../components/802_15_4/raw/802_15_4_lib_gcc.a(nrf_drv_timer.o)
                0x0000000000005fb8                ll_nrf_drv_timer_capture
 .text.ll_nrf_drv_timer_compare
                0x0000000000006008       0x22 ../../../../../../../../components/802_15_4/raw/802_15_4_lib_gcc.a(nrf_drv_timer.o)
                0x0000000000006008                ll_nrf_drv_timer_compare
 *fill*         0x000000000000602a        0x2 
 .text.TIMER0_IRQHandler
                0x000000000000602c       0x4c ../../../../../../../../components/802_15_4/raw/802_15_4_lib_gcc.a(nrf_drv_timer.o)
                0x000000000000602c                TIMER0_IRQHandler
 .text.ral_init
                0x0000000000006078       0x64 ../../../../../../../../components/802_15_4/raw/802_15_4_lib_gcc.a(ral_api.o)
                0x0000000000006078                ral_init
 .text.ral_reset
                0x00000000000060dc       0x24 ../../../../../../../../components/802_15_4/raw/802_15_4_lib_gcc.a(ral_api.o)
                0x00000000000060dc                ral_reset
 .text.ral_fsm_state_translate
                0x0000000000006100       0x48 ../../../../../../../../components/802_15_4/raw/802_15_4_lib_gcc.a(ral_api.o)
                0x0000000000006100                ral_fsm_state_translate
 .text.ral_state_set
                0x0000000000006148       0x90 ../../../../../../../../components/802_15_4/raw/802_15_4_lib_gcc.a(ral_api.o)
                0x0000000000006148                ral_state_set
 .text.ral_state_get
                0x00000000000061d8       0x24 ../../../../../../../../components/802_15_4/raw/802_15_4_lib_gcc.a(ral_api.o)
                0x00000000000061d8                ral_state_get
 .text.ral_cca_result_get
                0x00000000000061fc       0x20 ../../../../../../../../components/802_15_4/raw/802_15_4_lib_gcc.a(ral_api.o)
                0x00000000000061fc                ral_cca_result_get
 .text.ral_data_req
                0x000000000000621c        0x8 ../../../../../../../../components/802_15_4/raw/802_15_4_lib_gcc.a(ral_api.o)
                0x000000000000621c                ral_data_req
 .text.ral_data_ind_read
                0x0000000000006224        0x6 ../../../../../../../../components/802_15_4/raw/802_15_4_lib_gcc.a(ral_api.o)
                0x0000000000006224                ral_data_ind_read
 *fill*         0x000000000000622a        0x2 
 .text.ral_data_flow_enable
                0x000000000000622c       0x1c ../../../../../../../../components/802_15_4/raw/802_15_4_lib_gcc.a(ral_api.o)
                0x000000000000622c                ral_data_flow_enable
 .text.ral_data_flow_disable
                0x0000000000006248       0x20 ../../../../../../../../components/802_15_4/raw/802_15_4_lib_gcc.a(ral_api.o)
                0x0000000000006248                ral_data_flow_disable
 .text.ral_rx_start_time
                0x0000000000006268        0x8 ../../../../../../../../components/802_15_4/raw/802_15_4_lib_gcc.a(ral_api.o)
                0x0000000000006268                ral_rx_start_time
 .text.ral_ed_perform
                0x0000000000006270       0x64 ../../../../../../../../components/802_15_4/raw/802_15_4_lib_gcc.a(ral_api.o)
                0x0000000000006270                ral_ed_perform
 .text.ral_cca_perform
                0x00000000000062d4       0x54 ../../../../../../../../components/802_15_4/raw/802_15_4_lib_gcc.a(ral_api.o)
                0x00000000000062d4                ral_cca_perform
 .text.ral_fsm_action
                0x0000000000006328       0x10 ../../../../../../../../components/802_15_4/raw/802_15_4_lib_gcc.a(ral_fsm.o)
 .text.nrf_radio_off
                0x0000000000006338       0x20 ../../../../../../../../components/802_15_4/raw/802_15_4_lib_gcc.a(ral_fsm.o)
 .text.nrf_radio_idle
                0x0000000000006358       0x24 ../../../../../../../../components/802_15_4/raw/802_15_4_lib_gcc.a(ral_fsm.o)
 .text.ral_fsm_a_reset
                0x000000000000637c       0x14 ../../../../../../../../components/802_15_4/raw/802_15_4_lib_gcc.a(ral_fsm.o)
 .text.ral_fsm_a_tx_on
                0x0000000000006390        0x4 ../../../../../../../../components/802_15_4/raw/802_15_4_lib_gcc.a(ral_fsm.o)
                0x0000000000006390                ral_fsm_a_tx_on
 .text.ral_fsm_a_force_tx_on
                0x0000000000006394       0x1c ../../../../../../../../components/802_15_4/raw/802_15_4_lib_gcc.a(ral_fsm.o)
 .text.ral_fsm_a_trx_off
                0x00000000000063b0        0x4 ../../../../../../../../components/802_15_4/raw/802_15_4_lib_gcc.a(ral_fsm.o)
                0x00000000000063b0                ral_fsm_a_trx_off
 .text.nrf_radio_tx_on
                0x00000000000063b4       0x60 ../../../../../../../../components/802_15_4/raw/802_15_4_lib_gcc.a(ral_fsm.o)
 .text.ral_fsm_a_tx_unexpected
                0x0000000000006414       0x2c ../../../../../../../../components/802_15_4/raw/802_15_4_lib_gcc.a(ral_fsm.o)
 .text.ral_fsm_a_tx_done
                0x0000000000006440        0x6 ../../../../../../../../components/802_15_4/raw/802_15_4_lib_gcc.a(ral_fsm.o)
 .text.ral_fsm_a_rx_done
                0x0000000000006446        0x6 ../../../../../../../../components/802_15_4/raw/802_15_4_lib_gcc.a(ral_fsm.o)
 .text.ral_fsm_a_tx_start
                0x000000000000644c       0xb8 ../../../../../../../../components/802_15_4/raw/802_15_4_lib_gcc.a(ral_fsm.o)
 .text.ral_fsm_a_rx_on
                0x0000000000006504       0x8c ../../../../../../../../components/802_15_4/raw/802_15_4_lib_gcc.a(ral_fsm.o)
                0x0000000000006504                ral_fsm_a_rx_on
 .text.ral_fsm_a_tx_to_rx
                0x0000000000006590        0xe ../../../../../../../../components/802_15_4/raw/802_15_4_lib_gcc.a(ral_fsm.o)
                0x0000000000006590                ral_fsm_a_tx_to_rx
 *fill*         0x000000000000659e        0x2 
 .text.ral_fsm_guard
                0x00000000000065a0       0x14 ../../../../../../../../components/802_15_4/raw/802_15_4_lib_gcc.a(ral_fsm.o)
 .text.ral_fsm_init
                0x00000000000065b4       0x10 ../../../../../../../../components/802_15_4/raw/802_15_4_lib_gcc.a(ral_fsm.o)
                0x00000000000065b4                ral_fsm_init
 .text.ral_fsm_event_post
                0x00000000000065c4       0x10 ../../../../../../../../components/802_15_4/raw/802_15_4_lib_gcc.a(ral_fsm.o)
                0x00000000000065c4                ral_fsm_event_post
 .text.ral_fsm_current_state_get
                0x00000000000065d4        0xc ../../../../../../../../components/802_15_4/raw/802_15_4_lib_gcc.a(ral_fsm.o)
                0x00000000000065d4                ral_fsm_current_state_get
 .text.ral_trx_end_handler
                0x00000000000065e0        0xc ../../../../../../../../components/802_15_4/raw/802_15_4_lib_gcc.a(ral_fsm.o)
                0x00000000000065e0                ral_trx_end_handler
 .text.radio_state_store
                0x00000000000065ec       0x38 ../../../../../../../../components/802_15_4/raw/802_15_4_lib_gcc.a(ral_pib.o)
 .text.radio_state_restore.isra.0
                0x0000000000006624       0x84 ../../../../../../../../components/802_15_4/raw/802_15_4_lib_gcc.a(ral_pib.o)
 .text.ral_attribute_set
                0x00000000000066a8      0x108 ../../../../../../../../components/802_15_4/raw/802_15_4_lib_gcc.a(ral_pib.o)
                0x00000000000066a8                ral_attribute_set
 .text.ral_attribute_get
                0x00000000000067b0       0x90 ../../../../../../../../components/802_15_4/raw/802_15_4_lib_gcc.a(ral_pib.o)
                0x00000000000067b0                ral_attribute_get
 .text.ral_rf_init
                0x0000000000006840       0x74 ../../../../../../../../components/802_15_4/raw/802_15_4_lib_gcc.a(ral_rf_init.o)
                0x0000000000006840                ral_rf_init
 .text.csma_fsm_guard
                0x00000000000068b4       0x10 ../../../../../../../../components/802_15_4/raw/802_15_4_lib_gcc.a(mac_csma_ca.o)
 .text.csma_fsm_action
                0x00000000000068c4       0x10 ../../../../../../../../components/802_15_4/raw/802_15_4_lib_gcc.a(mac_csma_ca.o)
 .text.gu_init_us
                0x00000000000068d4       0x20 ../../../../../../../../components/802_15_4/raw/802_15_4_lib_gcc.a(mac_csma_ca.o)
 .text.gu_nb_excess
                0x00000000000068f4       0x44 ../../../../../../../../components/802_15_4/raw/802_15_4_lib_gcc.a(mac_csma_ca.o)
 .text.gu_cw_eq_to_zero_s
                0x0000000000006938       0x24 ../../../../../../../../components/802_15_4/raw/802_15_4_lib_gcc.a(mac_csma_ca.o)
 .text.gu_delay_ex_s
                0x000000000000695c       0x30 ../../../../../../../../components/802_15_4/raw/802_15_4_lib_gcc.a(mac_csma_ca.o)
 .text.time_to_next_bo
                0x000000000000698c       0x4c ../../../../../../../../components/802_15_4/raw/802_15_4_lib_gcc.a(mac_csma_ca.o)
 .text.delay_ends_callback
                0x00000000000069d8       0x80 ../../../../../../../../components/802_15_4/raw/802_15_4_lib_gcc.a(mac_csma_ca.o)
 .text.event_post
                0x0000000000006a58       0x24 ../../../../../../../../components/802_15_4/raw/802_15_4_lib_gcc.a(mac_csma_ca.o)
 .text.a_delay_reduce_s
                0x0000000000006a7c       0x60 ../../../../../../../../components/802_15_4/raw/802_15_4_lib_gcc.a(mac_csma_ca.o)
 .text.a_delay_start_s
                0x0000000000006adc       0x2c ../../../../../../../../components/802_15_4/raw/802_15_4_lib_gcc.a(mac_csma_ca.o)
 .text.gu_tx_on_switched
                0x0000000000006b08       0x10 ../../../../../../../../components/802_15_4/raw/802_15_4_lib_gcc.a(mac_csma_ca.o)
 .text.gu_init_gen_delay_ex_s
                0x0000000000006b18       0x54 ../../../../../../../../components/802_15_4/raw/802_15_4_lib_gcc.a(mac_csma_ca.o)
 .text.fsm_selection
                0x0000000000006b6c       0x38 ../../../../../../../../components/802_15_4/raw/802_15_4_lib_gcc.a(mac_csma_ca.o)
 .text.event_handler_start
                0x0000000000006ba4       0x18 ../../../../../../../../components/802_15_4/raw/802_15_4_lib_gcc.a(mac_csma_ca.o)
 .text.a_csma_success
                0x0000000000006bbc       0x14 ../../../../../../../../components/802_15_4/raw/802_15_4_lib_gcc.a(mac_csma_ca.o)
 .text.a_csma_failure
                0x0000000000006bd0       0x1c ../../../../../../../../components/802_15_4/raw/802_15_4_lib_gcc.a(mac_csma_ca.o)
 .text.a_stop_csma_failure
                0x0000000000006bec       0x20 ../../../../../../../../components/802_15_4/raw/802_15_4_lib_gcc.a(mac_csma_ca.o)
 .text.a_reset  0x0000000000006c0c       0x1c ../../../../../../../../components/802_15_4/raw/802_15_4_lib_gcc.a(mac_csma_ca.o)
 .text.gu_gen_delay_ex_s
                0x0000000000006c28       0x40 ../../../../../../../../components/802_15_4/raw/802_15_4_lib_gcc.a(mac_csma_ca.o)
 .text.a_delay_start
                0x0000000000006c68       0x48 ../../../../../../../../components/802_15_4/raw/802_15_4_lib_gcc.a(mac_csma_ca.o)
 .text.event_handler_conf
                0x0000000000006cb0       0x14 ../../../../../../../../components/802_15_4/raw/802_15_4_lib_gcc.a(mac_csma_ca.o)
 .text.mac_csma_init
                0x0000000000006cc4       0x24 ../../../../../../../../components/802_15_4/raw/802_15_4_lib_gcc.a(mac_csma_ca.o)
                0x0000000000006cc4                mac_csma_init
 .text.mac_csma_unslotted_start
                0x0000000000006ce8       0x48 ../../../../../../../../components/802_15_4/raw/802_15_4_lib_gcc.a(mac_csma_ca.o)
                0x0000000000006ce8                mac_csma_unslotted_start
 .text.mac_csma_slotted_start
                0x0000000000006d30       0x50 ../../../../../../../../components/802_15_4/raw/802_15_4_lib_gcc.a(mac_csma_ca.o)
                0x0000000000006d30                mac_csma_slotted_start
 .text.mac_csma_reset
                0x0000000000006d80       0x14 ../../../../../../../../components/802_15_4/raw/802_15_4_lib_gcc.a(mac_csma_ca.o)
                0x0000000000006d80                mac_csma_reset
 .text.mac_csma_out_of_memory_ind
                0x0000000000006d94       0x10 ../../../../../../../../components/802_15_4/raw/802_15_4_lib_gcc.a(mac_csma_ca.o)
                0x0000000000006d94                mac_csma_out_of_memory_ind
 .text.mac_csma_ca_resume
                0x0000000000006da4       0x50 ../../../../../../../../components/802_15_4/raw/802_15_4_lib_gcc.a(mac_csma_ca.o)
                0x0000000000006da4                mac_csma_ca_resume
 .text.mac_csma_is_postponed
                0x0000000000006df4       0x10 ../../../../../../../../components/802_15_4/raw/802_15_4_lib_gcc.a(mac_csma_ca.o)
                0x0000000000006df4                mac_csma_is_postponed
 .text.mac_csma_ca_handler
                0x0000000000006e04       0x44 ../../../../../../../../components/802_15_4/raw/802_15_4_lib_gcc.a(mac_csma_ca.o)
                0x0000000000006e04                mac_csma_ca_handler
 .text.aux_security_fill
                0x0000000000006e48        0x2 ../../../../../../../../components/802_15_4/raw/802_15_4_lib_gcc.a(mac_frame_processor.o)
 .text.mhr_size_count
                0x0000000000006e4a       0x58 ../../../../../../../../components/802_15_4/raw/802_15_4_lib_gcc.a(mac_frame_processor.o)
 .text.src_address_fill
                0x0000000000006ea2        0xe ../../../../../../../../components/802_15_4/raw/802_15_4_lib_gcc.a(mac_frame_processor.o)
 .text.src_panid_fill
                0x0000000000006eb0        0xe ../../../../../../../../components/802_15_4/raw/802_15_4_lib_gcc.a(mac_frame_processor.o)
 .text.dest_address_fill
                0x0000000000006ebe        0xe ../../../../../../../../components/802_15_4/raw/802_15_4_lib_gcc.a(mac_frame_processor.o)
 .text.dest_panid_fill
                0x0000000000006ecc        0xc ../../../../../../../../components/802_15_4/raw/802_15_4_lib_gcc.a(mac_frame_processor.o)
 .text.mac_fp_init
                0x0000000000006ed8       0x20 ../../../../../../../../components/802_15_4/raw/802_15_4_lib_gcc.a(mac_frame_processor.o)
                0x0000000000006ed8                mac_fp_init
 .text.sf_type_choose
                0x0000000000006ef8       0x3c ../../../../../../../../components/802_15_4/raw/802_15_4_lib_gcc.a(mac_frame_processor.o)
                0x0000000000006ef8                sf_type_choose
 .text.mac_fp_frame_send
                0x0000000000006f34      0x1c4 ../../../../../../../../components/802_15_4/raw/802_15_4_lib_gcc.a(mac_frame_processor.o)
                0x0000000000006f34                mac_fp_frame_send
 .text.mac_fp_prepared_frame_send
                0x00000000000070f8        0x4 ../../../../../../../../components/802_15_4/raw/802_15_4_lib_gcc.a(mac_frame_processor.o)
                0x00000000000070f8                mac_fp_prepared_frame_send
 .text.mac_fp_mhr_size_get
                0x00000000000070fc        0xe ../../../../../../../../components/802_15_4/raw/802_15_4_lib_gcc.a(mac_frame_processor.o)
                0x00000000000070fc                mac_fp_mhr_size_get
 *fill*         0x000000000000710a        0x2 
 .text.mac_fp_reset
                0x000000000000710c       0x24 ../../../../../../../../components/802_15_4/raw/802_15_4_lib_gcc.a(mac_frame_processor.o)
                0x000000000000710c                mac_fp_reset
 .text.mac_fp_memory_freed_indicate
                0x0000000000007130        0xe ../../../../../../../../components/802_15_4/raw/802_15_4_lib_gcc.a(mac_frame_processor.o)
                0x0000000000007130                mac_fp_memory_freed_indicate
 *fill*         0x000000000000713e        0x2 
 .text.mac_fp_time_request
                0x0000000000007140       0x1c ../../../../../../../../components/802_15_4/raw/802_15_4_lib_gcc.a(mac_frame_processor.o)
                0x0000000000007140                mac_fp_time_request
 .text.mac_fp_time_continue
                0x000000000000715c       0x2c ../../../../../../../../components/802_15_4/raw/802_15_4_lib_gcc.a(mac_frame_processor.o)
                0x000000000000715c                mac_fp_time_continue
 .text.fp_rx_fsm_guard
                0x0000000000007188       0x10 ../../../../../../../../components/802_15_4/raw/802_15_4_lib_gcc.a(mac_frame_processor_rx_fsm.o)
 .text.fp_rx_fsm_action
                0x0000000000007198       0x10 ../../../../../../../../components/802_15_4/raw/802_15_4_lib_gcc.a(mac_frame_processor_rx_fsm.o)
 .text.gu_promiscuous_mode
                0x00000000000071a8        0xc ../../../../../../../../components/802_15_4/raw/802_15_4_lib_gcc.a(mac_frame_processor_rx_fsm.o)
 .text.gu_beacon_rx
                0x00000000000071b4       0x14 ../../../../../../../../components/802_15_4/raw/802_15_4_lib_gcc.a(mac_frame_processor_rx_fsm.o)
 .text.gu_command_rx
                0x00000000000071c8       0x14 ../../../../../../../../components/802_15_4/raw/802_15_4_lib_gcc.a(mac_frame_processor_rx_fsm.o)
 .text.gu_data_rx
                0x00000000000071dc       0x14 ../../../../../../../../components/802_15_4/raw/802_15_4_lib_gcc.a(mac_frame_processor_rx_fsm.o)
 .text.a_data_raise
                0x00000000000071f0       0x14 ../../../../../../../../components/802_15_4/raw/802_15_4_lib_gcc.a(mac_frame_processor_rx_fsm.o)
 .text.a_command_raise
                0x0000000000007204       0x14 ../../../../../../../../components/802_15_4/raw/802_15_4_lib_gcc.a(mac_frame_processor_rx_fsm.o)
 .text.a_beacon_raise
                0x0000000000007218       0x14 ../../../../../../../../components/802_15_4/raw/802_15_4_lib_gcc.a(mac_frame_processor_rx_fsm.o)
 .text.set_radio_state
                0x000000000000722c       0x16 ../../../../../../../../components/802_15_4/raw/802_15_4_lib_gcc.a(mac_frame_processor_rx_fsm.o)
 *fill*         0x0000000000007242        0x2 
 .text.a_comm_status_raise
                0x0000000000007244       0x70 ../../../../../../../../components/802_15_4/raw/802_15_4_lib_gcc.a(mac_frame_processor_rx_fsm.o)
 .text.pd_data_ind
                0x00000000000072b4       0x1c ../../../../../../../../components/802_15_4/raw/802_15_4_lib_gcc.a(mac_frame_processor_rx_fsm.o)
                0x00000000000072b4                pd_data_ind
 .text.mac_fp_rx_task_handler
                0x00000000000072d0      0x370 ../../../../../../../../components/802_15_4/raw/802_15_4_lib_gcc.a(mac_frame_processor_rx_fsm.o)
                0x00000000000072d0                mac_fp_rx_task_handler
 .text.mac_fp_rx_fsm_init
                0x0000000000007640       0x10 ../../../../../../../../components/802_15_4/raw/802_15_4_lib_gcc.a(mac_frame_processor_rx_fsm.o)
                0x0000000000007640                mac_fp_rx_fsm_init
 .text.mac_fp_rx_fsm_reset
                0x0000000000007650       0x28 ../../../../../../../../components/802_15_4/raw/802_15_4_lib_gcc.a(mac_frame_processor_rx_fsm.o)
                0x0000000000007650                mac_fp_rx_fsm_reset
 .text.mac_fp_rx_on_set
                0x0000000000007678        0x6 ../../../../../../../../components/802_15_4/raw/802_15_4_lib_gcc.a(mac_frame_processor_rx_fsm.o)
                0x0000000000007678                mac_fp_rx_on_set
 *fill*         0x000000000000767e        0x2 
 .text.mac_fp_rx_idle_set
                0x0000000000007680       0x34 ../../../../../../../../components/802_15_4/raw/802_15_4_lib_gcc.a(mac_frame_processor_rx_fsm.o)
                0x0000000000007680                mac_fp_rx_idle_set
 .text.mac_fp_rx_fsm_memory_freed_indicate
                0x00000000000076b4        0x4 ../../../../../../../../components/802_15_4/raw/802_15_4_lib_gcc.a(mac_frame_processor_rx_fsm.o)
                0x00000000000076b4                mac_fp_rx_fsm_memory_freed_indicate
 .text.fp_tx_fsm_guard
                0x00000000000076b8       0x10 ../../../../../../../../components/802_15_4/raw/802_15_4_lib_gcc.a(mac_frame_processor_tx_fsm.o)
 .text.fp_tx_fsm_action
                0x00000000000076c8       0x10 ../../../../../../../../components/802_15_4/raw/802_15_4_lib_gcc.a(mac_frame_processor_tx_fsm.o)
 .text.gu_no_csma_or_poll_resp
                0x00000000000076d8       0x14 ../../../../../../../../components/802_15_4/raw/802_15_4_lib_gcc.a(mac_frame_processor_tx_fsm.o)
 .text.gu_csma_result_postponed
                0x00000000000076ec        0xa ../../../../../../../../components/802_15_4/raw/802_15_4_lib_gcc.a(mac_frame_processor_tx_fsm.o)
 *fill*         0x00000000000076f6        0x2 
 .text.gu_bepan_not_ready
                0x00000000000076f8       0x14 ../../../../../../../../components/802_15_4/raw/802_15_4_lib_gcc.a(mac_frame_processor_tx_fsm.o)
 .text.gu_bcn_track_fail
                0x000000000000770c        0xa ../../../../../../../../components/802_15_4/raw/802_15_4_lib_gcc.a(mac_frame_processor_tx_fsm.o)
 *fill*         0x0000000000007716        0x2 
 .text.gu_retries_csma
                0x0000000000007718       0x1c ../../../../../../../../components/802_15_4/raw/802_15_4_lib_gcc.a(mac_frame_processor_tx_fsm.o)
 .text.gu_use_start_trigger
                0x0000000000007734        0xc ../../../../../../../../components/802_15_4/raw/802_15_4_lib_gcc.a(mac_frame_processor_tx_fsm.o)
 .text.gu_rx_busy
                0x0000000000007740        0xe ../../../../../../../../components/802_15_4/raw/802_15_4_lib_gcc.a(mac_frame_processor_tx_fsm.o)
 .text.gu_send_success
                0x000000000000774e        0xa ../../../../../../../../components/802_15_4/raw/802_15_4_lib_gcc.a(mac_frame_processor_tx_fsm.o)
 .text.gu_frame_size
                0x0000000000007758       0x10 ../../../../../../../../components/802_15_4/raw/802_15_4_lib_gcc.a(mac_frame_processor_tx_fsm.o)
 .text.tx_timer_cb
                0x0000000000007768       0x10 ../../../../../../../../components/802_15_4/raw/802_15_4_lib_gcc.a(mac_frame_processor_tx_fsm.o)
 .text.in_sf_start_confirm
                0x0000000000007778       0x1c ../../../../../../../../components/802_15_4/raw/802_15_4_lib_gcc.a(mac_frame_processor_tx_fsm.o)
 .text.out_sf_start_confirm
                0x0000000000007794       0x1c ../../../../../../../../components/802_15_4/raw/802_15_4_lib_gcc.a(mac_frame_processor_tx_fsm.o)
 .text.event_post
                0x00000000000077b0       0x24 ../../../../../../../../components/802_15_4/raw/802_15_4_lib_gcc.a(mac_frame_processor_tx_fsm.o)
 .text.confirm_raise
                0x00000000000077d4       0x18 ../../../../../../../../components/802_15_4/raw/802_15_4_lib_gcc.a(mac_frame_processor_tx_fsm.o)
 .text.a_gts_slot_ex
                0x00000000000077ec        0x6 ../../../../../../../../components/802_15_4/raw/802_15_4_lib_gcc.a(mac_frame_processor_tx_fsm.o)
 .text.a_sync_req
                0x00000000000077f2        0x6 ../../../../../../../../components/802_15_4/raw/802_15_4_lib_gcc.a(mac_frame_processor_tx_fsm.o)
 .text.a_task_post
                0x00000000000077f8        0x6 ../../../../../../../../components/802_15_4/raw/802_15_4_lib_gcc.a(mac_frame_processor_tx_fsm.o)
 *fill*         0x00000000000077fe        0x2 
 .text.a_state_store
                0x0000000000007800       0x34 ../../../../../../../../components/802_15_4/raw/802_15_4_lib_gcc.a(mac_frame_processor_tx_fsm.o)
 .text.a_csma_fail_raise
                0x0000000000007834       0x16 ../../../../../../../../components/802_15_4/raw/802_15_4_lib_gcc.a(mac_frame_processor_tx_fsm.o)
 .text.a_too_long_raise
                0x000000000000784a       0x16 ../../../../../../../../components/802_15_4/raw/802_15_4_lib_gcc.a(mac_frame_processor_tx_fsm.o)
 .text.a_state_restore
                0x0000000000007860       0x2c ../../../../../../../../components/802_15_4/raw/802_15_4_lib_gcc.a(mac_frame_processor_tx_fsm.o)
 .text.a_tx_state_set_waiting_trigger_raise
                0x000000000000788c       0x12 ../../../../../../../../components/802_15_4/raw/802_15_4_lib_gcc.a(mac_frame_processor_tx_fsm.o)
 .text.a_trx_off_state_set
                0x000000000000789e        0x6 ../../../../../../../../components/802_15_4/raw/802_15_4_lib_gcc.a(mac_frame_processor_tx_fsm.o)
 .text.gu_csma_result_success
                0x00000000000078a4       0x26 ../../../../../../../../components/802_15_4/raw/802_15_4_lib_gcc.a(mac_frame_processor_tx_fsm.o)
 .text.a_unslotted_csma_start
                0x00000000000078ca        0x4 ../../../../../../../../components/802_15_4/raw/802_15_4_lib_gcc.a(mac_frame_processor_tx_fsm.o)
 *fill*         0x00000000000078ce        0x2 
 .text.ifs_timer_start
                0x00000000000078d0       0x3c ../../../../../../../../components/802_15_4/raw/802_15_4_lib_gcc.a(mac_frame_processor_tx_fsm.o)
 .text.a_no_ack_raise
                0x000000000000790c       0x14 ../../../../../../../../components/802_15_4/raw/802_15_4_lib_gcc.a(mac_frame_processor_tx_fsm.o)
 .text.a_success_raise
                0x0000000000007920       0x14 ../../../../../../../../components/802_15_4/raw/802_15_4_lib_gcc.a(mac_frame_processor_tx_fsm.o)
 .text.a_frame_send
                0x0000000000007934       0x1c ../../../../../../../../components/802_15_4/raw/802_15_4_lib_gcc.a(mac_frame_processor_tx_fsm.o)
 .text.a_tx_state_set_frame_send
                0x0000000000007950       0x2c ../../../../../../../../components/802_15_4/raw/802_15_4_lib_gcc.a(mac_frame_processor_tx_fsm.o)
 .text.event_handler_confirm_raise
                0x000000000000797c       0x44 ../../../../../../../../components/802_15_4/raw/802_15_4_lib_gcc.a(mac_frame_processor_tx_fsm.o)
 .text.gu_csma_postponed_not_tracking
                0x00000000000079c0       0x16 ../../../../../../../../components/802_15_4/raw/802_15_4_lib_gcc.a(mac_frame_processor_tx_fsm.o)
 .text.gu_csma_is_postponed
                0x00000000000079d6        0x6 ../../../../../../../../components/802_15_4/raw/802_15_4_lib_gcc.a(mac_frame_processor_tx_fsm.o)
 .text.gu_retries_csma_track
                0x00000000000079dc       0x2c ../../../../../../../../components/802_15_4/raw/802_15_4_lib_gcc.a(mac_frame_processor_tx_fsm.o)
 .text.gu_inside_ifs
                0x0000000000007a08        0xc ../../../../../../../../components/802_15_4/raw/802_15_4_lib_gcc.a(mac_frame_processor_tx_fsm.o)
 .text.a_slotted_csma_start
                0x0000000000007a14       0x20 ../../../../../../../../components/802_15_4/raw/802_15_4_lib_gcc.a(mac_frame_processor_tx_fsm.o)
 .text.event_handler_next_req_process
                0x0000000000007a34       0x50 ../../../../../../../../components/802_15_4/raw/802_15_4_lib_gcc.a(mac_frame_processor_tx_fsm.o)
 .text.event_handler_sync_req
                0x0000000000007a84       0x3c ../../../../../../../../components/802_15_4/raw/802_15_4_lib_gcc.a(mac_frame_processor_tx_fsm.o)
 .text.gu_gts_slot_ex
                0x0000000000007ac0       0x3c ../../../../../../../../components/802_15_4/raw/802_15_4_lib_gcc.a(mac_frame_processor_tx_fsm.o)
 .text.mac_fp_beacon_notify
                0x0000000000007afc       0x1c ../../../../../../../../components/802_15_4/raw/802_15_4_lib_gcc.a(mac_frame_processor_tx_fsm.o)
                0x0000000000007afc                mac_fp_beacon_notify
 .text.csma_result_conf
                0x0000000000007b18       0x1c ../../../../../../../../components/802_15_4/raw/802_15_4_lib_gcc.a(mac_frame_processor_tx_fsm.o)
                0x0000000000007b18                csma_result_conf
 .text.plme_set_trx_state_conf
                0x0000000000007b34       0x10 ../../../../../../../../components/802_15_4/raw/802_15_4_lib_gcc.a(mac_frame_processor_tx_fsm.o)
                0x0000000000007b34                plme_set_trx_state_conf
 .text.pd_data_conf
                0x0000000000007b44       0x10 ../../../../../../../../components/802_15_4/raw/802_15_4_lib_gcc.a(mac_frame_processor_tx_fsm.o)
                0x0000000000007b44                pd_data_conf
 .text.mac_fp_tx_fsm_init
                0x0000000000007b54       0x10 ../../../../../../../../components/802_15_4/raw/802_15_4_lib_gcc.a(mac_frame_processor_tx_fsm.o)
                0x0000000000007b54                mac_fp_tx_fsm_init
 .text.mac_fp_tx_fsm_reset
                0x0000000000007b64       0x10 ../../../../../../../../components/802_15_4/raw/802_15_4_lib_gcc.a(mac_frame_processor_tx_fsm.o)
                0x0000000000007b64                mac_fp_tx_fsm_reset
 .text.mac_fp_tx_fsm_time_req
                0x0000000000007b74       0x10 ../../../../../../../../components/802_15_4/raw/802_15_4_lib_gcc.a(mac_frame_processor_tx_fsm.o)
                0x0000000000007b74                mac_fp_tx_fsm_time_req
 .text.mac_fp_tx_fsm_frame_send
                0x0000000000007b84       0x10 ../../../../../../../../components/802_15_4/raw/802_15_4_lib_gcc.a(mac_frame_processor_tx_fsm.o)
                0x0000000000007b84                mac_fp_tx_fsm_frame_send
 .text.mac_fp_tx_fsm_prepared_frame_send
                0x0000000000007b94       0x18 ../../../../../../../../components/802_15_4/raw/802_15_4_lib_gcc.a(mac_frame_processor_tx_fsm.o)
                0x0000000000007b94                mac_fp_tx_fsm_prepared_frame_send
 .text.mac_fp_tx_fsm_is_idle
                0x0000000000007bac       0x10 ../../../../../../../../components/802_15_4/raw/802_15_4_lib_gcc.a(mac_frame_processor_tx_fsm.o)
                0x0000000000007bac                mac_fp_tx_fsm_is_idle
 .text.mac_fp_is_radio_free
                0x0000000000007bbc       0x44 ../../../../../../../../components/802_15_4/raw/802_15_4_lib_gcc.a(mac_frame_processor_tx_fsm.o)
                0x0000000000007bbc                mac_fp_is_radio_free
 .text.mac_fp_tx_fsm_memory_freed_indicate
                0x0000000000007c00        0x6 ../../../../../../../../components/802_15_4/raw/802_15_4_lib_gcc.a(mac_frame_processor_tx_fsm.o)
                0x0000000000007c00                mac_fp_tx_fsm_memory_freed_indicate
 *fill*         0x0000000000007c06        0x2 
 .text.mac_fp_tx_block
                0x0000000000007c08       0x30 ../../../../../../../../components/802_15_4/raw/802_15_4_lib_gcc.a(mac_frame_processor_tx_fsm.o)
                0x0000000000007c08                mac_fp_tx_block
 .text.mac_fp_tx_unblock
                0x0000000000007c38       0x34 ../../../../../../../../components/802_15_4/raw/802_15_4_lib_gcc.a(mac_frame_processor_tx_fsm.o)
                0x0000000000007c38                mac_fp_tx_unblock
 .text.mac_fp_tx_task_handler
                0x0000000000007c6c       0x48 ../../../../../../../../components/802_15_4/raw/802_15_4_lib_gcc.a(mac_frame_processor_tx_fsm.o)
                0x0000000000007c6c                mac_fp_tx_task_handler
 .text.gts_fsm_action
                0x0000000000007cb4       0x10 ../../../../../../../../components/802_15_4/raw/802_15_4_lib_gcc.a(mac_gts_engine.o)
 .text.gts_fsm_guard
                0x0000000000007cc4       0x10 ../../../../../../../../components/802_15_4/raw/802_15_4_lib_gcc.a(mac_gts_engine.o)
 .text.a_gts_reset
                0x0000000000007cd4       0x10 ../../../../../../../../components/802_15_4/raw/802_15_4_lib_gcc.a(mac_gts_engine.o)
 .text.a_gts_txframe_denied
                0x0000000000007ce4       0x10 ../../../../../../../../components/802_15_4/raw/802_15_4_lib_gcc.a(mac_gts_engine.o)
 .text.gu_gts_txframe_denied
                0x0000000000007cf4        0xc ../../../../../../../../components/802_15_4/raw/802_15_4_lib_gcc.a(mac_gts_engine.o)
 .text.gu_gts_txframe_no_ack
                0x0000000000007d00        0xc ../../../../../../../../components/802_15_4/raw/802_15_4_lib_gcc.a(mac_gts_engine.o)
 .text.gts_table_cur_get
                0x0000000000007d0c       0x24 ../../../../../../../../components/802_15_4/raw/802_15_4_lib_gcc.a(mac_gts_engine.o)
 .text.gts_slot_next_allocated_idx_get
                0x0000000000007d30       0x34 ../../../../../../../../components/802_15_4/raw/802_15_4_lib_gcc.a(mac_gts_engine.o)
 .text.fp_gts_data_conf
                0x0000000000007d64       0x38 ../../../../../../../../components/802_15_4/raw/802_15_4_lib_gcc.a(mac_gts_engine.o)
 .text.gts_slot_timer_handler
                0x0000000000007d9c       0x78 ../../../../../../../../components/802_15_4/raw/802_15_4_lib_gcc.a(mac_gts_engine.o)
 .text.gts_gap_timer_handler
                0x0000000000007e14       0x10 ../../../../../../../../components/802_15_4/raw/802_15_4_lib_gcc.a(mac_gts_engine.o)
 .text.a_gts_txframe_retry
                0x0000000000007e24       0x14 ../../../../../../../../components/802_15_4/raw/802_15_4_lib_gcc.a(mac_gts_engine.o)
 .text.a_gts_cfp_end
                0x0000000000007e38       0x10 ../../../../../../../../components/802_15_4/raw/802_15_4_lib_gcc.a(mac_gts_engine.o)
 .text.a_gts_txframe_start
                0x0000000000007e48       0x14 ../../../../../../../../components/802_15_4/raw/802_15_4_lib_gcc.a(mac_gts_engine.o)
 .text.gu_gts_gap_present
                0x0000000000007e5c       0x90 ../../../../../../../../components/802_15_4/raw/802_15_4_lib_gcc.a(mac_gts_engine.o)
 .text.is_slot_for_rx.isra.0
                0x0000000000007eec       0x28 ../../../../../../../../components/802_15_4/raw/802_15_4_lib_gcc.a(mac_gts_engine.o)
 .text.gu_gts_txslot_present
                0x0000000000007f14       0x30 ../../../../../../../../components/802_15_4/raw/802_15_4_lib_gcc.a(mac_gts_engine.o)
 .text.gu_gts_rxslot_present
                0x0000000000007f44       0x2c ../../../../../../../../components/802_15_4/raw/802_15_4_lib_gcc.a(mac_gts_engine.o)
 .text.gts_slot_timer_start
                0x0000000000007f70      0x198 ../../../../../../../../components/802_15_4/raw/802_15_4_lib_gcc.a(mac_gts_engine.o)
 .text.a_gts_rxslot_start
                0x0000000000008108       0x3c ../../../../../../../../components/802_15_4/raw/802_15_4_lib_gcc.a(mac_gts_engine.o)
 .text.a_gts_gap_start
                0x0000000000008144      0x10c ../../../../../../../../components/802_15_4/raw/802_15_4_lib_gcc.a(mac_gts_engine.o)
 .text.gu_gts_txframe_no_ack_limit
                0x0000000000008250       0x2c ../../../../../../../../components/802_15_4/raw/802_15_4_lib_gcc.a(mac_gts_engine.o)
 .text.mac_gts_data_get
                0x000000000000827c       0x40 ../../../../../../../../components/802_15_4/raw/802_15_4_lib_gcc.a(mac_gts_engine.o)
 .text.gu_gts_txframe_present
                0x00000000000082bc       0x60 ../../../../../../../../components/802_15_4/raw/802_15_4_lib_gcc.a(mac_gts_engine.o)
 .text.a_gts_txframe_raise
                0x000000000000831c       0x6c ../../../../../../../../components/802_15_4/raw/802_15_4_lib_gcc.a(mac_gts_engine.o)
 .text.a_gts_txslot_start
                0x0000000000008388       0x50 ../../../../../../../../components/802_15_4/raw/802_15_4_lib_gcc.a(mac_gts_engine.o)
 .text.gu_gts_txslot_txframe_present
                0x00000000000083d8       0x1c ../../../../../../../../components/802_15_4/raw/802_15_4_lib_gcc.a(mac_gts_engine.o)
 .text.mac_gts_data_clean
                0x00000000000083f4       0x38 ../../../../../../../../components/802_15_4/raw/802_15_4_lib_gcc.a(mac_gts_engine.o)
 .text.mac_gts_first_slot_is_for_rx
                0x000000000000842c       0x20 ../../../../../../../../components/802_15_4/raw/802_15_4_lib_gcc.a(mac_gts_engine.o)
                0x000000000000842c                mac_gts_first_slot_is_for_rx
 .text.mac_gts_fp_time_confirm
                0x000000000000844c       0xcc ../../../../../../../../components/802_15_4/raw/802_15_4_lib_gcc.a(mac_gts_engine.o)
                0x000000000000844c                mac_gts_fp_time_confirm
 .text.mac_gts_tx_slot_present
                0x0000000000008518       0x68 ../../../../../../../../components/802_15_4/raw/802_15_4_lib_gcc.a(mac_gts_engine.o)
                0x0000000000008518                mac_gts_tx_slot_present
 .text.mac_gts_data_put
                0x0000000000008580       0x24 ../../../../../../../../components/802_15_4/raw/802_15_4_lib_gcc.a(mac_gts_engine.o)
                0x0000000000008580                mac_gts_data_put
 .text.mac_gts_out_table_update
                0x00000000000085a4      0x1ec ../../../../../../../../components/802_15_4/raw/802_15_4_lib_gcc.a(mac_gts_engine.o)
                0x00000000000085a4                mac_gts_out_table_update
 .text.mac_gts_out_table_alloc
                0x0000000000008790       0xfc ../../../../../../../../components/802_15_4/raw/802_15_4_lib_gcc.a(mac_gts_engine.o)
                0x0000000000008790                mac_gts_out_table_alloc
 .text.mac_gts_out_table_dealloc
                0x000000000000888c       0xa0 ../../../../../../../../components/802_15_4/raw/802_15_4_lib_gcc.a(mac_gts_engine.o)
                0x000000000000888c                mac_gts_out_table_dealloc
 .text.mac_gts_in_table_alloc
                0x000000000000892c       0xac ../../../../../../../../components/802_15_4/raw/802_15_4_lib_gcc.a(mac_gts_engine.o)
                0x000000000000892c                mac_gts_in_table_alloc
 .text.mac_gts_in_table_dealloc
                0x00000000000089d8       0xac ../../../../../../../../components/802_15_4/raw/802_15_4_lib_gcc.a(mac_gts_engine.o)